[2025-05-17T00:48:24.842+0100][0.010s] Using G1
[2025-05-17T00:48:24.884+0100][0.052s] Version: 17.0.15+6 (release)
[2025-05-17T00:48:24.884+0100][0.052s] CPUs: 16 total, 16 available
[2025-05-17T00:48:24.884+0100][0.052s] Memory: 16118M
[2025-05-17T00:48:24.884+0100][0.052s] Large Page Support: Disabled
[2025-05-17T00:48:24.884+0100][0.052s] NUMA Support: Disabled
[2025-05-17T00:48:24.884+0100][0.052s] Compressed Oops: Enabled (32-bit)
[2025-05-17T00:48:24.884+0100][0.052s] Heap Region Size: 1M
[2025-05-17T00:48:24.884+0100][0.052s] Heap Min Capacity: 512M
[2025-05-17T00:48:24.884+0100][0.052s] Heap Initial Capacity: 512M
[2025-05-17T00:48:24.884+0100][0.052s] Heap Max Capacity: 512M
[2025-05-17T00:48:24.885+0100][0.053s] Pre-touch: Enabled
[2025-05-17T00:48:24.885+0100][0.053s] Parallel Workers: 13
[2025-05-17T00:48:24.885+0100][0.053s] Concurrent Workers: 3
[2025-05-17T00:48:24.885+0100][0.053s] Concurrent Refinement Workers: 13
[2025-05-17T00:48:24.885+0100][0.053s] Periodic GC: Disabled
[2025-05-17T00:48:24.888+0100][0.057s] CDS archive(s) mapped at: [0x000001f5c4000000-0x000001f5c4bb0000-0x000001f5c4bb0000), size 12255232, SharedBaseAddress: 0x000001f5c4000000, ArchiveRelocationMode: 1.
[2025-05-17T00:48:24.888+0100][0.057s] Compressed class space mapped at: 0x000001f5c5000000-0x000001f605000000, reserved size: 1073741824
[2025-05-17T00:48:24.888+0100][0.057s] Narrow klass base: 0x000001f5c4000000, Narrow klass shift: 0, Narrow klass range: 0x100000000
[2025-05-17T00:48:25.515+0100][0.683s] GC(0) Pause Young (Normal) (G1 Evacuation Pause)
[2025-05-17T00:48:25.516+0100][0.683s] GC(0) Using 12 workers of 13 for evacuation
[2025-05-17T00:48:25.525+0100][0.693s] GC(0)   Pre Evacuate Collection Set: 0.1ms
[2025-05-17T00:48:25.526+0100][0.693s] GC(0)   Merge Heap Roots: 0.0ms
[2025-05-17T00:48:25.526+0100][0.693s] GC(0)   Evacuate Collection Set: 9.5ms
[2025-05-17T00:48:25.526+0100][0.693s] GC(0)   Post Evacuate Collection Set: 0.3ms
[2025-05-17T00:48:25.526+0100][0.693s] GC(0)   Other: 0.5ms
[2025-05-17T00:48:25.526+0100][0.693s] GC(0) Eden regions: 29->0(43)
[2025-05-17T00:48:25.526+0100][0.693s] GC(0) Survivor regions: 0->4(4)
[2025-05-17T00:48:25.526+0100][0.693s] GC(0) Old regions: 0->0
[2025-05-17T00:48:25.526+0100][0.693s] GC(0) Archive regions: 0->0
[2025-05-17T00:48:25.526+0100][0.693s] GC(0) Humongous regions: 0->0
[2025-05-17T00:48:25.526+0100][0.693s] GC(0) Metaspace: 6404K(6592K)->6404K(6592K) NonClass: 5662K(5760K)->5662K(5760K) Class: 742K(832K)->742K(832K)
[2025-05-17T00:48:25.526+0100][0.693s] GC(0) Pause Young (Normal) (G1 Evacuation Pause) 29M->3M(512M) 10.558ms
[2025-05-17T00:48:25.526+0100][0.693s] GC(0) User=0.00s Sys=0.00s Real=0.01s
[2025-05-17T00:48:31.031+0100][6.199s] GC(1) Pause Young (Normal) (G1 Evacuation Pause)
[2025-05-17T00:48:31.031+0100][6.199s] GC(1) Using 13 workers of 13 for evacuation
[2025-05-17T00:48:31.035+0100][6.204s] GC(1)   Pre Evacuate Collection Set: 0.1ms
[2025-05-17T00:48:31.035+0100][6.204s] GC(1)   Merge Heap Roots: 0.0ms
[2025-05-17T00:48:31.035+0100][6.204s] GC(1)   Evacuate Collection Set: 3.7ms
[2025-05-17T00:48:31.035+0100][6.204s] GC(1)   Post Evacuate Collection Set: 0.3ms
[2025-05-17T00:48:31.035+0100][6.204s] GC(1)   Other: 0.2ms
[2025-05-17T00:48:31.035+0100][6.204s] GC(1) Eden regions: 43->0(141)
[2025-05-17T00:48:31.035+0100][6.204s] GC(1) Survivor regions: 4->6(6)
[2025-05-17T00:48:31.035+0100][6.204s] GC(1) Old regions: 0->8
[2025-05-17T00:48:31.035+0100][6.204s] GC(1) Archive regions: 0->0
[2025-05-17T00:48:31.035+0100][6.204s] GC(1) Humongous regions: 4->4
[2025-05-17T00:48:31.035+0100][6.204s] GC(1) Metaspace: 17702K(17984K)->17702K(17984K) NonClass: 15633K(15744K)->15633K(15744K) Class: 2069K(2240K)->2069K(2240K)
[2025-05-17T00:48:31.035+0100][6.204s] GC(1) Pause Young (Normal) (G1 Evacuation Pause) 50M->17M(512M) 4.414ms
[2025-05-17T00:48:31.035+0100][6.204s] GC(1) User=0.00s Sys=0.00s Real=0.00s
[2025-05-17T00:48:50.534+0100][25.703s] GC(2) Pause Young (Concurrent Start) (Metadata GC Threshold)
[2025-05-17T00:48:50.534+0100][25.703s] GC(2) Using 13 workers of 13 for evacuation
[2025-05-17T00:48:50.537+0100][25.705s] GC(2)   Pre Evacuate Collection Set: 0.1ms
[2025-05-17T00:48:50.537+0100][25.705s] GC(2)   Merge Heap Roots: 0.1ms
[2025-05-17T00:48:50.537+0100][25.705s] GC(2)   Evacuate Collection Set: 1.9ms
[2025-05-17T00:48:50.537+0100][25.705s] GC(2)   Post Evacuate Collection Set: 0.3ms
[2025-05-17T00:48:50.537+0100][25.705s] GC(2)   Other: 0.2ms
[2025-05-17T00:48:50.537+0100][25.705s] GC(2) Eden regions: 141->0(294)
[2025-05-17T00:48:50.537+0100][25.705s] GC(2) Survivor regions: 6->13(19)
[2025-05-17T00:48:50.537+0100][25.705s] GC(2) Old regions: 8->8
[2025-05-17T00:48:50.537+0100][25.705s] GC(2) Archive regions: 0->0
[2025-05-17T00:48:50.537+0100][25.705s] GC(2) Humongous regions: 4->4
[2025-05-17T00:48:50.537+0100][25.705s] GC(2) Metaspace: 21121K(21504K)->21121K(21504K) NonClass: 18659K(18816K)->18659K(18816K) Class: 2462K(2688K)->2462K(2688K)
[2025-05-17T00:48:50.537+0100][25.705s] GC(2) Pause Young (Concurrent Start) (Metadata GC Threshold) 158M->23M(512M) 2.642ms
[2025-05-17T00:48:50.537+0100][25.705s] GC(2) User=0.00s Sys=0.00s Real=0.00s
[2025-05-17T00:48:50.537+0100][25.705s] GC(3) Concurrent Mark Cycle
[2025-05-17T00:48:50.537+0100][25.705s] GC(3) Concurrent Clear Claimed Marks
[2025-05-17T00:48:50.537+0100][25.705s] GC(3) Concurrent Clear Claimed Marks 0.020ms
[2025-05-17T00:48:50.537+0100][25.705s] GC(3) Concurrent Scan Root Regions
[2025-05-17T00:48:50.538+0100][25.707s] GC(3) Concurrent Scan Root Regions 1.116ms
[2025-05-17T00:48:50.538+0100][25.707s] GC(3) Concurrent Mark
[2025-05-17T00:48:50.538+0100][25.707s] GC(3) Concurrent Mark From Roots
[2025-05-17T00:48:50.538+0100][25.707s] GC(3) Using 3 workers of 3 for marking
[2025-05-17T00:48:50.541+0100][25.710s] GC(3) Concurrent Mark From Roots 2.962ms
[2025-05-17T00:48:50.541+0100][25.710s] GC(3) Concurrent Preclean
[2025-05-17T00:48:50.541+0100][25.710s] GC(3) Concurrent Preclean 0.079ms
[2025-05-17T00:48:50.541+0100][25.710s] GC(3) Pause Remark
[2025-05-17T00:48:50.542+0100][25.711s] GC(3) Pause Remark 24M->24M(512M) 1.113ms
[2025-05-17T00:48:50.542+0100][25.711s] GC(3) User=0.00s Sys=0.00s Real=0.00s
[2025-05-17T00:48:50.542+0100][25.711s] GC(3) Concurrent Mark 4.273ms
[2025-05-17T00:48:50.542+0100][25.711s] GC(3) Concurrent Rebuild Remembered Sets
[2025-05-17T00:48:50.544+0100][25.712s] GC(3) Concurrent Rebuild Remembered Sets 1.483ms
[2025-05-17T00:48:50.544+0100][25.712s] GC(3) Pause Cleanup
[2025-05-17T00:48:50.544+0100][25.713s] GC(3) Pause Cleanup 24M->24M(512M) 0.055ms
[2025-05-17T00:48:50.544+0100][25.713s] GC(3) User=0.00s Sys=0.00s Real=0.00s
[2025-05-17T00:48:50.544+0100][25.713s] GC(3) Concurrent Cleanup for Next Mark
[2025-05-17T00:48:50.544+0100][25.713s] GC(3) Concurrent Cleanup for Next Mark 0.316ms
[2025-05-17T00:48:50.544+0100][25.713s] GC(3) Concurrent Mark Cycle 7.585ms
[2025-05-17T00:49:10.833+0100][46.002s] GC(4) Pause Young (Concurrent Start) (Metadata GC Threshold)
[2025-05-17T00:49:10.833+0100][46.002s] GC(4) Using 13 workers of 13 for evacuation
[2025-05-17T00:49:10.838+0100][46.005s] GC(4)   Pre Evacuate Collection Set: 0.1ms
[2025-05-17T00:49:10.838+0100][46.006s] GC(4)   Merge Heap Roots: 0.0ms
[2025-05-17T00:49:10.838+0100][46.006s] GC(4)   Evacuate Collection Set: 3.1ms
[2025-05-17T00:49:10.838+0100][46.006s] GC(4)   Post Evacuate Collection Set: 0.4ms
[2025-05-17T00:49:10.838+0100][46.006s] GC(4)   Other: 0.1ms
[2025-05-17T00:49:10.838+0100][46.006s] GC(4) Eden regions: 116->0(290)
[2025-05-17T00:49:10.838+0100][46.006s] GC(4) Survivor regions: 13->17(39)
[2025-05-17T00:49:10.838+0100][46.006s] GC(4) Old regions: 8->8
[2025-05-17T00:49:10.838+0100][46.006s] GC(4) Archive regions: 0->0
[2025-05-17T00:49:10.838+0100][46.006s] GC(4) Humongous regions: 4->4
[2025-05-17T00:49:10.838+0100][46.006s] GC(4) Metaspace: 35719K(36096K)->35719K(36096K) NonClass: 31486K(31680K)->31486K(31680K) Class: 4233K(4416K)->4233K(4416K)
[2025-05-17T00:49:10.838+0100][46.006s] GC(4) Pause Young (Concurrent Start) (Metadata GC Threshold) 139M->28M(512M) 3.845ms
[2025-05-17T00:49:10.838+0100][46.006s] GC(4) User=0.00s Sys=0.00s Real=0.01s
[2025-05-17T00:49:10.838+0100][46.006s] GC(5) Concurrent Mark Cycle
[2025-05-17T00:49:10.838+0100][46.006s] GC(5) Concurrent Clear Claimed Marks
[2025-05-17T00:49:10.838+0100][46.006s] GC(5) Concurrent Clear Claimed Marks 0.020ms
[2025-05-17T00:49:10.838+0100][46.006s] GC(5) Concurrent Scan Root Regions
[2025-05-17T00:49:10.839+0100][46.008s] GC(5) Concurrent Scan Root Regions 1.923ms
[2025-05-17T00:49:10.839+0100][46.008s] GC(5) Concurrent Mark
[2025-05-17T00:49:10.839+0100][46.008s] GC(5) Concurrent Mark From Roots
[2025-05-17T00:49:10.839+0100][46.008s] GC(5) Using 3 workers of 3 for marking
[2025-05-17T00:49:10.843+0100][46.011s] GC(5) Concurrent Mark From Roots 3.513ms
[2025-05-17T00:49:10.843+0100][46.011s] GC(5) Concurrent Preclean
[2025-05-17T00:49:10.843+0100][46.011s] GC(5) Concurrent Preclean 0.112ms
[2025-05-17T00:49:10.843+0100][46.011s] GC(5) Pause Remark
[2025-05-17T00:49:10.844+0100][46.013s] GC(5) Pause Remark 29M->29M(512M) 1.233ms
[2025-05-17T00:49:10.844+0100][46.013s] GC(5) User=0.00s Sys=0.00s Real=0.00s
[2025-05-17T00:49:10.844+0100][46.013s] GC(5) Concurrent Mark 5.004ms
[2025-05-17T00:49:10.844+0100][46.013s] GC(5) Concurrent Rebuild Remembered Sets
[2025-05-17T00:49:10.847+0100][46.015s] GC(5) Concurrent Rebuild Remembered Sets 2.133ms
[2025-05-17T00:49:10.847+0100][46.015s] GC(5) Pause Cleanup
[2025-05-17T00:49:10.847+0100][46.015s] GC(5) Pause Cleanup 29M->29M(512M) 0.058ms
[2025-05-17T00:49:10.847+0100][46.015s] GC(5) User=0.00s Sys=0.00s Real=0.00s
[2025-05-17T00:49:10.847+0100][46.015s] GC(5) Concurrent Cleanup for Next Mark
[2025-05-17T00:49:10.848+0100][46.015s] GC(5) Concurrent Cleanup for Next Mark 0.315ms
[2025-05-17T00:49:10.848+0100][46.015s] GC(5) Concurrent Mark Cycle 9.677ms
[2025-05-17T00:50:06.265+0100][101.433s] GC(6) Pause Young (Concurrent Start) (Metadata GC Threshold)
[2025-05-17T00:50:06.265+0100][101.433s] GC(6) Using 13 workers of 13 for evacuation
[2025-05-17T00:50:06.275+0100][101.443s] GC(6)   Pre Evacuate Collection Set: 0.1ms
[2025-05-17T00:50:06.275+0100][101.443s] GC(6)   Merge Heap Roots: 0.1ms
[2025-05-17T00:50:06.275+0100][101.443s] GC(6)   Evacuate Collection Set: 9.4ms
[2025-05-17T00:50:06.275+0100][101.443s] GC(6)   Post Evacuate Collection Set: 0.8ms
[2025-05-17T00:50:06.275+0100][101.443s] GC(6)   Other: 0.2ms
[2025-05-17T00:50:06.275+0100][101.443s] GC(6) Eden regions: 246->0(271)
[2025-05-17T00:50:06.275+0100][101.443s] GC(6) Survivor regions: 17->36(39)
[2025-05-17T00:50:06.275+0100][101.443s] GC(6) Old regions: 8->8
[2025-05-17T00:50:06.275+0100][101.443s] GC(6) Archive regions: 0->0
[2025-05-17T00:50:06.275+0100][101.443s] GC(6) Humongous regions: 4->4
[2025-05-17T00:50:06.275+0100][101.444s] GC(6) Metaspace: 59776K(60288K)->59776K(60288K) NonClass: 52383K(52608K)->52383K(52608K) Class: 7393K(7680K)->7393K(7680K)
[2025-05-17T00:50:06.275+0100][101.444s] GC(6) Pause Young (Concurrent Start) (Metadata GC Threshold) 274M->47M(512M) 10.717ms
[2025-05-17T00:50:06.275+0100][101.444s] GC(6) User=0.00s Sys=0.00s Real=0.01s
[2025-05-17T00:50:06.275+0100][101.444s] GC(7) Concurrent Mark Cycle
[2025-05-17T00:50:06.275+0100][101.444s] GC(7) Concurrent Clear Claimed Marks
[2025-05-17T00:50:06.275+0100][101.444s] GC(7) Concurrent Clear Claimed Marks 0.052ms
[2025-05-17T00:50:06.275+0100][101.444s] GC(7) Concurrent Scan Root Regions
[2025-05-17T00:50:06.280+0100][101.448s] GC(7) Concurrent Scan Root Regions 4.430ms
[2025-05-17T00:50:06.280+0100][101.448s] GC(7) Concurrent Mark
[2025-05-17T00:50:06.280+0100][101.448s] GC(7) Concurrent Mark From Roots
[2025-05-17T00:50:06.280+0100][101.448s] GC(7) Using 3 workers of 3 for marking
[2025-05-17T00:50:06.284+0100][101.453s] GC(7) Concurrent Mark From Roots 4.519ms
[2025-05-17T00:50:06.284+0100][101.453s] GC(7) Concurrent Preclean
[2025-05-17T00:50:06.285+0100][101.453s] GC(7) Concurrent Preclean 0.190ms
[2025-05-17T00:50:06.285+0100][101.453s] GC(7) Pause Remark
[2025-05-17T00:50:06.288+0100][101.456s] GC(7) Pause Remark 48M->48M(512M) 3.433ms
[2025-05-17T00:50:06.288+0100][101.457s] GC(7) User=0.00s Sys=0.00s Real=0.00s
[2025-05-17T00:50:06.288+0100][101.457s] GC(7) Concurrent Mark 8.416ms
[2025-05-17T00:50:06.288+0100][101.457s] GC(7) Concurrent Rebuild Remembered Sets
[2025-05-17T00:50:06.290+0100][101.458s] GC(7) Concurrent Rebuild Remembered Sets 1.751ms
[2025-05-17T00:50:06.291+0100][101.459s] GC(7) Pause Cleanup
[2025-05-17T00:50:06.291+0100][101.459s] GC(7) Pause Cleanup 48M->48M(512M) 0.084ms
[2025-05-17T00:50:06.291+0100][101.459s] GC(7) User=0.00s Sys=0.00s Real=0.00s
[2025-05-17T00:50:06.291+0100][101.459s] GC(7) Concurrent Cleanup for Next Mark
[2025-05-17T00:50:06.291+0100][101.460s] GC(7) Concurrent Cleanup for Next Mark 0.349ms
[2025-05-17T00:50:06.291+0100][101.460s] GC(7) Concurrent Mark Cycle 16.130ms
