[2025-05-17T00:23:19.109+0100][0.013s] Using G1
[2025-05-17T00:23:19.192+0100][0.095s] Version: 17.0.15+6 (release)
[2025-05-17T00:23:19.192+0100][0.095s] CPUs: 16 total, 16 available
[2025-05-17T00:23:19.192+0100][0.095s] Memory: 16118M
[2025-05-17T00:23:19.192+0100][0.096s] Large Page Support: Disabled
[2025-05-17T00:23:19.192+0100][0.096s] NUMA Support: Disabled
[2025-05-17T00:23:19.192+0100][0.096s] Compressed Oops: Enabled (32-bit)
[2025-05-17T00:23:19.192+0100][0.096s] Heap Region Size: 1M
[2025-05-17T00:23:19.192+0100][0.096s] Heap Min Capacity: 512M
[2025-05-17T00:23:19.192+0100][0.096s] Heap Initial Capacity: 512M
[2025-05-17T00:23:19.192+0100][0.096s] Heap Max Capacity: 512M
[2025-05-17T00:23:19.192+0100][0.096s] Pre-touch: Enabled
[2025-05-17T00:23:19.192+0100][0.096s] Parallel Workers: 13
[2025-05-17T00:23:19.192+0100][0.096s] Concurrent Workers: 3
[2025-05-17T00:23:19.192+0100][0.096s] Concurrent Refinement Workers: 13
[2025-05-17T00:23:19.192+0100][0.096s] Periodic GC: Disabled
[2025-05-17T00:23:19.197+0100][0.101s] CDS archive(s) mapped at: [0x000002198f000000-0x000002198fbb0000-0x000002198fbb0000), size 12255232, SharedBaseAddress: 0x000002198f000000, ArchiveRelocationMode: 1.
[2025-05-17T00:23:19.197+0100][0.101s] Compressed class space mapped at: 0x0000021990000000-0x00000219d0000000, reserved size: 1073741824
[2025-05-17T00:23:19.197+0100][0.101s] Narrow klass base: 0x000002198f000000, Narrow klass shift: 0, Narrow klass range: 0x100000000
[2025-05-17T00:23:21.129+0100][2.032s] GC(0) Pause Young (Normal) (G1 Evacuation Pause)
[2025-05-17T00:23:21.130+0100][2.033s] GC(0) Using 12 workers of 13 for evacuation
[2025-05-17T00:23:21.131+0100][2.034s] GC(0)   Pre Evacuate Collection Set: 0.0ms
[2025-05-17T00:23:21.131+0100][2.034s] GC(0)   Merge Heap Roots: 0.0ms
[2025-05-17T00:23:21.131+0100][2.034s] GC(0)   Evacuate Collection Set: 1.1ms
[2025-05-17T00:23:21.131+0100][2.035s] GC(0)   Post Evacuate Collection Set: 0.2ms
[2025-05-17T00:23:21.132+0100][2.035s] GC(0)   Other: 0.7ms
[2025-05-17T00:23:21.132+0100][2.035s] GC(0) Eden regions: 29->0(43)
[2025-05-17T00:23:21.132+0100][2.035s] GC(0) Survivor regions: 0->4(4)
[2025-05-17T00:23:21.132+0100][2.035s] GC(0) Old regions: 0->0
[2025-05-17T00:23:21.132+0100][2.035s] GC(0) Archive regions: 0->0
[2025-05-17T00:23:21.132+0100][2.035s] GC(0) Humongous regions: 0->0
[2025-05-17T00:23:21.132+0100][2.035s] GC(0) Metaspace: 6378K(6592K)->6378K(6592K) NonClass: 5639K(5760K)->5639K(5760K) Class: 738K(832K)->738K(832K)
[2025-05-17T00:23:21.132+0100][2.035s] GC(0) Pause Young (Normal) (G1 Evacuation Pause) 29M->3M(512M) 2.424ms
[2025-05-17T00:23:21.132+0100][2.035s] GC(0) User=0.00s Sys=0.00s Real=0.00s
[2025-05-17T00:23:21.729+0100][2.633s] GC(1) Pause Young (Normal) (G1 Evacuation Pause)
[2025-05-17T00:23:21.729+0100][2.633s] GC(1) Using 13 workers of 13 for evacuation
[2025-05-17T00:23:21.734+0100][2.637s] GC(1)   Pre Evacuate Collection Set: 0.1ms
[2025-05-17T00:23:21.734+0100][2.637s] GC(1)   Merge Heap Roots: 0.0ms
[2025-05-17T00:23:21.734+0100][2.637s] GC(1)   Evacuate Collection Set: 3.9ms
[2025-05-17T00:23:21.734+0100][2.637s] GC(1)   Post Evacuate Collection Set: 0.3ms
[2025-05-17T00:23:21.734+0100][2.638s] GC(1)   Other: 0.2ms
[2025-05-17T00:23:21.734+0100][2.638s] GC(1) Eden regions: 43->0(141)
[2025-05-17T00:23:21.734+0100][2.638s] GC(1) Survivor regions: 4->6(6)
[2025-05-17T00:23:21.734+0100][2.638s] GC(1) Old regions: 0->9
[2025-05-17T00:23:21.734+0100][2.638s] GC(1) Archive regions: 0->0
[2025-05-17T00:23:21.734+0100][2.638s] GC(1) Humongous regions: 4->4
[2025-05-17T00:23:21.734+0100][2.638s] GC(1) Metaspace: 17837K(18176K)->17837K(18176K) NonClass: 15759K(15936K)->15759K(15936K) Class: 2077K(2240K)->2077K(2240K)
[2025-05-17T00:23:21.734+0100][2.638s] GC(1) Pause Young (Normal) (G1 Evacuation Pause) 50M->18M(512M) 4.651ms
[2025-05-17T00:23:21.734+0100][2.638s] GC(1) User=0.14s Sys=0.08s Real=0.00s
[2025-05-17T00:23:22.545+0100][3.448s] GC(2) Pause Young (Concurrent Start) (Metadata GC Threshold)
[2025-05-17T00:23:22.545+0100][3.448s] GC(2) Using 13 workers of 13 for evacuation
[2025-05-17T00:23:22.548+0100][3.451s] GC(2)   Pre Evacuate Collection Set: 0.1ms
[2025-05-17T00:23:22.548+0100][3.451s] GC(2)   Merge Heap Roots: 0.1ms
[2025-05-17T00:23:22.548+0100][3.451s] GC(2)   Evacuate Collection Set: 2.0ms
[2025-05-17T00:23:22.548+0100][3.451s] GC(2)   Post Evacuate Collection Set: 0.2ms
[2025-05-17T00:23:22.548+0100][3.451s] GC(2)   Other: 0.4ms
[2025-05-17T00:23:22.548+0100][3.451s] GC(2) Eden regions: 141->0(260)
[2025-05-17T00:23:22.548+0100][3.451s] GC(2) Survivor regions: 6->13(19)
[2025-05-17T00:23:22.548+0100][3.451s] GC(2) Old regions: 9->9
[2025-05-17T00:23:22.548+0100][3.451s] GC(2) Archive regions: 0->0
[2025-05-17T00:23:22.548+0100][3.451s] GC(2) Humongous regions: 4->4
[2025-05-17T00:23:22.548+0100][3.451s] GC(2) Metaspace: 21123K(21504K)->21123K(21504K) NonClass: 18661K(18880K)->18661K(18880K) Class: 2462K(2624K)->2462K(2624K)
[2025-05-17T00:23:22.548+0100][3.451s] GC(2) Pause Young (Concurrent Start) (Metadata GC Threshold) 158M->24M(512M) 2.800ms
[2025-05-17T00:23:22.548+0100][3.451s] GC(2) User=0.00s Sys=0.00s Real=0.00s
[2025-05-17T00:23:22.548+0100][3.451s] GC(3) Concurrent Mark Cycle
[2025-05-17T00:23:22.548+0100][3.451s] GC(3) Concurrent Clear Claimed Marks
[2025-05-17T00:23:22.548+0100][3.451s] GC(3) Concurrent Clear Claimed Marks 0.019ms
[2025-05-17T00:23:22.548+0100][3.451s] GC(3) Concurrent Scan Root Regions
[2025-05-17T00:23:22.550+0100][3.453s] GC(3) Concurrent Scan Root Regions 1.472ms
[2025-05-17T00:23:22.550+0100][3.453s] GC(3) Concurrent Mark
[2025-05-17T00:23:22.550+0100][3.453s] GC(3) Concurrent Mark From Roots
[2025-05-17T00:23:22.550+0100][3.453s] GC(3) Using 3 workers of 3 for marking
[2025-05-17T00:23:22.553+0100][3.456s] GC(3) Concurrent Mark From Roots 3.351ms
[2025-05-17T00:23:22.553+0100][3.456s] GC(3) Concurrent Preclean
[2025-05-17T00:23:22.553+0100][3.456s] GC(3) Concurrent Preclean 0.160ms
[2025-05-17T00:23:22.553+0100][3.457s] GC(3) Pause Remark
[2025-05-17T00:23:22.555+0100][3.458s] GC(3) Pause Remark 24M->24M(512M) 1.795ms
[2025-05-17T00:23:22.555+0100][3.458s] GC(3) User=0.00s Sys=0.00s Real=0.00s
[2025-05-17T00:23:22.555+0100][3.458s] GC(3) Concurrent Mark 5.521ms
[2025-05-17T00:23:22.555+0100][3.458s] GC(3) Concurrent Rebuild Remembered Sets
[2025-05-17T00:23:22.557+0100][3.460s] GC(3) Concurrent Rebuild Remembered Sets 1.478ms
[2025-05-17T00:23:22.557+0100][3.460s] GC(3) Pause Cleanup
[2025-05-17T00:23:22.557+0100][3.460s] GC(3) Pause Cleanup 24M->24M(512M) 0.066ms
[2025-05-17T00:23:22.557+0100][3.460s] GC(3) User=0.00s Sys=0.00s Real=0.00s
[2025-05-17T00:23:22.557+0100][3.460s] GC(3) Concurrent Cleanup for Next Mark
[2025-05-17T00:23:22.557+0100][3.460s] GC(3) Concurrent Cleanup for Next Mark 0.290ms
[2025-05-17T00:23:22.557+0100][3.460s] GC(3) Concurrent Mark Cycle 9.032ms
[2025-05-17T00:23:23.884+0100][4.787s] GC(4) Pause Young (Prepare Mixed) (Metadata GC Threshold)
[2025-05-17T00:23:23.884+0100][4.787s] GC(4) Using 13 workers of 13 for evacuation
[2025-05-17T00:23:23.887+0100][4.791s] GC(4)   Pre Evacuate Collection Set: 0.0ms
[2025-05-17T00:23:23.887+0100][4.791s] GC(4)   Merge Heap Roots: 0.1ms
[2025-05-17T00:23:23.887+0100][4.791s] GC(4)   Evacuate Collection Set: 3.3ms
[2025-05-17T00:23:23.887+0100][4.791s] GC(4)   Post Evacuate Collection Set: 0.3ms
[2025-05-17T00:23:23.887+0100][4.791s] GC(4)   Other: 0.1ms
[2025-05-17T00:23:23.887+0100][4.791s] GC(4) Eden regions: 113->0(7)
[2025-05-17T00:23:23.887+0100][4.791s] GC(4) Survivor regions: 13->18(35)
[2025-05-17T00:23:23.887+0100][4.791s] GC(4) Old regions: 9->9
[2025-05-17T00:23:23.887+0100][4.791s] GC(4) Archive regions: 0->0
[2025-05-17T00:23:23.887+0100][4.791s] GC(4) Humongous regions: 4->4
[2025-05-17T00:23:23.887+0100][4.791s] GC(4) Metaspace: 35756K(36096K)->35756K(36096K) NonClass: 31523K(31680K)->31523K(31680K) Class: 4233K(4416K)->4233K(4416K)
[2025-05-17T00:23:23.887+0100][4.791s] GC(4) Pause Young (Prepare Mixed) (Metadata GC Threshold) 136M->29M(512M) 3.906ms
[2025-05-17T00:23:23.887+0100][4.791s] GC(4) User=0.05s Sys=0.02s Real=0.00s
[2025-05-17T00:23:23.930+0100][4.833s] GC(5) Pause Young (Mixed) (Metadata GC Threshold)
[2025-05-17T00:23:23.930+0100][4.833s] GC(5) Using 13 workers of 13 for evacuation
[2025-05-17T00:23:23.933+0100][4.837s] GC(5)   Pre Evacuate Collection Set: 0.1ms
[2025-05-17T00:23:23.933+0100][4.837s] GC(5)   Merge Heap Roots: 0.0ms
[2025-05-17T00:23:23.933+0100][4.837s] GC(5)   Evacuate Collection Set: 3.1ms
[2025-05-17T00:23:23.933+0100][4.837s] GC(5)   Post Evacuate Collection Set: 0.3ms
[2025-05-17T00:23:23.933+0100][4.837s] GC(5)   Other: 0.1ms
[2025-05-17T00:23:23.933+0100][4.837s] GC(5) Eden regions: 2->0(305)
[2025-05-17T00:23:23.933+0100][4.837s] GC(5) Survivor regions: 18->2(4)
[2025-05-17T00:23:23.933+0100][4.837s] GC(5) Old regions: 9->24
[2025-05-17T00:23:23.933+0100][4.837s] GC(5) Archive regions: 0->0
[2025-05-17T00:23:23.933+0100][4.837s] GC(5) Humongous regions: 4->4
[2025-05-17T00:23:23.933+0100][4.837s] GC(5) Metaspace: 35994K(36416K)->35994K(36416K) NonClass: 31730K(31936K)->31730K(31936K) Class: 4264K(4480K)->4264K(4480K)
[2025-05-17T00:23:23.933+0100][4.837s] GC(5) Pause Young (Mixed) (Metadata GC Threshold) 30M->29M(512M) 3.764ms
[2025-05-17T00:23:23.933+0100][4.837s] GC(5) User=0.00s Sys=0.00s Real=0.00s
[2025-05-17T00:23:23.973+0100][4.876s] GC(6) Pause Young (Concurrent Start) (Metadata GC Threshold)
[2025-05-17T00:23:23.973+0100][4.876s] GC(6) Using 13 workers of 13 for evacuation
[2025-05-17T00:23:23.974+0100][4.877s] GC(6)   Pre Evacuate Collection Set: 0.1ms
[2025-05-17T00:23:23.974+0100][4.877s] GC(6)   Merge Heap Roots: 0.1ms
[2025-05-17T00:23:23.974+0100][4.877s] GC(6)   Evacuate Collection Set: 0.6ms
[2025-05-17T00:23:23.974+0100][4.877s] GC(6)   Post Evacuate Collection Set: 0.2ms
[2025-05-17T00:23:23.974+0100][4.877s] GC(6)   Other: 0.1ms
[2025-05-17T00:23:23.974+0100][4.877s] GC(6) Eden regions: 5->0(306)
[2025-05-17T00:23:23.974+0100][4.877s] GC(6) Survivor regions: 2->1(39)
[2025-05-17T00:23:23.974+0100][4.877s] GC(6) Old regions: 24->24
[2025-05-17T00:23:23.974+0100][4.877s] GC(6) Archive regions: 0->0
[2025-05-17T00:23:23.974+0100][4.877s] GC(6) Humongous regions: 4->4
[2025-05-17T00:23:23.974+0100][4.877s] GC(6) Metaspace: 36383K(36736K)->36383K(36736K) NonClass: 32081K(32256K)->32081K(32256K) Class: 4302K(4480K)->4302K(4480K)
[2025-05-17T00:23:23.974+0100][4.877s] GC(6) Pause Young (Concurrent Start) (Metadata GC Threshold) 34M->28M(512M) 1.273ms
[2025-05-17T00:23:23.974+0100][4.877s] GC(6) User=0.00s Sys=0.00s Real=0.00s
[2025-05-17T00:23:23.974+0100][4.877s] GC(7) Concurrent Mark Cycle
[2025-05-17T00:23:23.974+0100][4.877s] GC(7) Concurrent Clear Claimed Marks
[2025-05-17T00:23:23.974+0100][4.877s] GC(7) Concurrent Clear Claimed Marks 0.018ms
[2025-05-17T00:23:23.974+0100][4.877s] GC(7) Concurrent Scan Root Regions
[2025-05-17T00:23:23.974+0100][4.878s] GC(7) Concurrent Scan Root Regions 0.371ms
[2025-05-17T00:23:23.974+0100][4.878s] GC(7) Concurrent Mark
[2025-05-17T00:23:23.974+0100][4.878s] GC(7) Concurrent Mark From Roots
[2025-05-17T00:23:23.974+0100][4.878s] GC(7) Using 3 workers of 3 for marking
[2025-05-17T00:23:23.983+0100][4.887s] GC(7) Concurrent Mark From Roots 9.502ms
[2025-05-17T00:23:23.983+0100][4.887s] GC(7) Concurrent Preclean
[2025-05-17T00:23:23.984+0100][4.887s] GC(7) Concurrent Preclean 0.196ms
[2025-05-17T00:23:23.984+0100][4.887s] GC(7) Pause Remark
[2025-05-17T00:23:23.985+0100][4.889s] GC(7) Pause Remark 29M->29M(512M) 1.446ms
[2025-05-17T00:23:23.985+0100][4.889s] GC(7) User=0.00s Sys=0.00s Real=0.00s
[2025-05-17T00:23:23.985+0100][4.889s] GC(7) Concurrent Mark 11.357ms
[2025-05-17T00:23:23.985+0100][4.889s] GC(7) Concurrent Rebuild Remembered Sets
[2025-05-17T00:23:23.989+0100][4.893s] GC(7) Concurrent Rebuild Remembered Sets 4.030ms
[2025-05-17T00:23:23.989+0100][4.893s] GC(7) Pause Cleanup
[2025-05-17T00:23:23.989+0100][4.893s] GC(7) Pause Cleanup 29M->29M(512M) 0.124ms
[2025-05-17T00:23:23.989+0100][4.893s] GC(7) User=0.00s Sys=0.00s Real=0.00s
[2025-05-17T00:23:23.990+0100][4.893s] GC(7) Concurrent Cleanup for Next Mark
[2025-05-17T00:23:23.990+0100][4.894s] GC(7) Concurrent Cleanup for Next Mark 0.385ms
[2025-05-17T00:23:23.990+0100][4.894s] GC(7) Concurrent Mark Cycle 16.541ms
[2025-05-17T00:23:52.245+0100][33.148s] GC(8) Pause Young (Normal) (G1 Evacuation Pause)
[2025-05-17T00:23:52.245+0100][33.148s] GC(8) Using 13 workers of 13 for evacuation
[2025-05-17T00:23:52.253+0100][33.156s] GC(8)   Pre Evacuate Collection Set: 0.1ms
[2025-05-17T00:23:52.253+0100][33.157s] GC(8)   Merge Heap Roots: 0.1ms
[2025-05-17T00:23:52.253+0100][33.157s] GC(8)   Evacuate Collection Set: 7.4ms
[2025-05-17T00:23:52.253+0100][33.157s] GC(8)   Post Evacuate Collection Set: 0.8ms
[2025-05-17T00:23:52.253+0100][33.157s] GC(8)   Other: 0.2ms
[2025-05-17T00:23:52.253+0100][33.157s] GC(8) Eden regions: 306->0(285)
[2025-05-17T00:23:52.253+0100][33.157s] GC(8) Survivor regions: 1->22(39)
[2025-05-17T00:23:52.253+0100][33.157s] GC(8) Old regions: 24->24
[2025-05-17T00:23:52.253+0100][33.157s] GC(8) Archive regions: 0->0
[2025-05-17T00:23:52.253+0100][33.157s] GC(8) Humongous regions: 4->4
[2025-05-17T00:23:52.253+0100][33.157s] GC(8) Metaspace: 61022K(61568K)->61022K(61568K) NonClass: 53569K(53824K)->53569K(53824K) Class: 7453K(7744K)->7453K(7744K)
[2025-05-17T00:23:52.253+0100][33.157s] GC(8) Pause Young (Normal) (G1 Evacuation Pause) 334M->49M(512M) 8.697ms
[2025-05-17T00:23:52.253+0100][33.157s] GC(8) User=0.11s Sys=0.12s Real=0.01s
[2025-05-17T00:23:52.292+0100][33.196s] GC(9) Pause Young (Concurrent Start) (Metadata GC Threshold)
[2025-05-17T00:23:52.292+0100][33.196s] GC(9) Using 13 workers of 13 for evacuation
[2025-05-17T00:23:52.297+0100][33.201s] GC(9)   Pre Evacuate Collection Set: 1.0ms
[2025-05-17T00:23:52.297+0100][33.201s] GC(9)   Merge Heap Roots: 0.0ms
[2025-05-17T00:23:52.297+0100][33.201s] GC(9)   Evacuate Collection Set: 3.7ms
[2025-05-17T00:23:52.297+0100][33.201s] GC(9)   Post Evacuate Collection Set: 0.4ms
[2025-05-17T00:23:52.298+0100][33.201s] GC(9)   Other: 0.2ms
[2025-05-17T00:23:52.298+0100][33.201s] GC(9) Eden regions: 8->0(304)
[2025-05-17T00:23:52.298+0100][33.201s] GC(9) Survivor regions: 22->3(39)
[2025-05-17T00:23:52.298+0100][33.201s] GC(9) Old regions: 24->44
[2025-05-17T00:23:52.298+0100][33.201s] GC(9) Archive regions: 0->0
[2025-05-17T00:23:52.298+0100][33.201s] GC(9) Humongous regions: 4->4
[2025-05-17T00:23:52.298+0100][33.201s] GC(9) Metaspace: 61077K(61568K)->61077K(61568K) NonClass: 53617K(53824K)->53617K(53824K) Class: 7460K(7744K)->7460K(7744K)
[2025-05-17T00:23:52.298+0100][33.201s] GC(9) Pause Young (Concurrent Start) (Metadata GC Threshold) 57M->49M(512M) 5.411ms
[2025-05-17T00:23:52.298+0100][33.201s] GC(9) User=0.09s Sys=0.00s Real=0.01s
[2025-05-17T00:23:52.298+0100][33.201s] GC(10) Concurrent Mark Cycle
[2025-05-17T00:23:52.298+0100][33.201s] GC(10) Concurrent Clear Claimed Marks
[2025-05-17T00:23:52.298+0100][33.201s] GC(10) Concurrent Clear Claimed Marks 0.045ms
[2025-05-17T00:23:52.298+0100][33.201s] GC(10) Concurrent Scan Root Regions
[2025-05-17T00:23:52.307+0100][33.210s] GC(10) Concurrent Scan Root Regions 8.880ms
[2025-05-17T00:23:52.307+0100][33.210s] GC(10) Concurrent Mark
[2025-05-17T00:23:52.307+0100][33.210s] GC(10) Concurrent Mark From Roots
[2025-05-17T00:23:52.307+0100][33.210s] GC(10) Using 3 workers of 3 for marking
[2025-05-17T00:23:52.316+0100][33.220s] GC(10) Concurrent Mark From Roots 9.323ms
[2025-05-17T00:23:52.316+0100][33.220s] GC(10) Concurrent Preclean
[2025-05-17T00:23:52.317+0100][33.220s] GC(10) Concurrent Preclean 0.185ms
[2025-05-17T00:23:52.320+0100][33.223s] GC(10) Pause Remark
[2025-05-17T00:23:52.325+0100][33.228s] GC(10) Pause Remark 50M->50M(512M) 5.565ms
[2025-05-17T00:23:52.325+0100][33.228s] GC(10) User=0.00s Sys=0.00s Real=0.01s
[2025-05-17T00:23:52.325+0100][33.228s] GC(10) Concurrent Mark 18.276ms
[2025-05-17T00:23:52.325+0100][33.228s] GC(10) Concurrent Rebuild Remembered Sets
[2025-05-17T00:23:52.333+0100][33.236s] GC(10) Concurrent Rebuild Remembered Sets 7.809ms
[2025-05-17T00:23:52.336+0100][33.239s] GC(10) Pause Cleanup
[2025-05-17T00:23:52.336+0100][33.239s] GC(10) Pause Cleanup 50M->50M(512M) 0.093ms
[2025-05-17T00:23:52.336+0100][33.239s] GC(10) User=0.00s Sys=0.00s Real=0.00s
[2025-05-17T00:23:52.336+0100][33.239s] GC(10) Concurrent Cleanup for Next Mark
[2025-05-17T00:23:52.336+0100][33.240s] GC(10) Concurrent Cleanup for Next Mark 0.327ms
[2025-05-17T00:23:52.336+0100][33.240s] GC(10) Concurrent Mark Cycle 38.652ms
[2025-05-17T00:32:37.393+0100][558.297s] Heap
[2025-05-17T00:32:37.393+0100][558.297s]  garbage-first heap   total 524288K, used 115111K [0x00000000e0000000, 0x0000000100000000)
[2025-05-17T00:32:37.393+0100][558.297s]   region size 1024K, 66 young (67584K), 3 survivors (3072K)
[2025-05-17T00:32:37.393+0100][558.297s]  Metaspace       used 63444K, committed 64000K, reserved 1114112K
[2025-05-17T00:32:37.393+0100][558.297s]   class space    used 7737K, committed 8000K, reserved 1048576K
