[2025-05-17T00:35:32.739+0100][0.013s] Using G1
[2025-05-17T00:35:32.779+0100][0.053s] Version: 17.0.15+6 (release)
[2025-05-17T00:35:32.779+0100][0.053s] CPUs: 16 total, 16 available
[2025-05-17T00:35:32.779+0100][0.053s] Memory: 16118M
[2025-05-17T00:35:32.779+0100][0.053s] Large Page Support: Disabled
[2025-05-17T00:35:32.779+0100][0.053s] NUMA Support: Disabled
[2025-05-17T00:35:32.779+0100][0.053s] Compressed Oops: Enabled (32-bit)
[2025-05-17T00:35:32.779+0100][0.053s] Heap Region Size: 1M
[2025-05-17T00:35:32.779+0100][0.053s] Heap Min Capacity: 512M
[2025-05-17T00:35:32.779+0100][0.053s] Heap Initial Capacity: 512M
[2025-05-17T00:35:32.779+0100][0.053s] Heap Max Capacity: 512M
[2025-05-17T00:35:32.780+0100][0.054s] Pre-touch: Enabled
[2025-05-17T00:35:32.782+0100][0.056s] Parallel Workers: 13
[2025-05-17T00:35:32.782+0100][0.056s] Concurrent Workers: 3
[2025-05-17T00:35:32.782+0100][0.056s] Concurrent Refinement Workers: 13
[2025-05-17T00:35:32.782+0100][0.056s] Periodic GC: Disabled
[2025-05-17T00:35:32.790+0100][0.063s] CDS archive(s) mapped at: [0x0000021b00000000-0x0000021b00bb0000-0x0000021b00bb0000), size 12255232, SharedBaseAddress: 0x0000021b00000000, ArchiveRelocationMode: 1.
[2025-05-17T00:35:32.790+0100][0.064s] Compressed class space mapped at: 0x0000021b01000000-0x0000021b41000000, reserved size: 1073741824
[2025-05-17T00:35:32.790+0100][0.064s] Narrow klass base: 0x0000021b00000000, Narrow klass shift: 0, Narrow klass range: 0x100000000
[2025-05-17T00:35:33.456+0100][0.730s] GC(0) Pause Young (Normal) (G1 Evacuation Pause)
[2025-05-17T00:35:33.457+0100][0.731s] GC(0) Using 12 workers of 13 for evacuation
[2025-05-17T00:35:33.469+0100][0.743s] GC(0)   Pre Evacuate Collection Set: 0.0ms
[2025-05-17T00:35:33.469+0100][0.743s] GC(0)   Merge Heap Roots: 0.0ms
[2025-05-17T00:35:33.469+0100][0.743s] GC(0)   Evacuate Collection Set: 11.2ms
[2025-05-17T00:35:33.469+0100][0.743s] GC(0)   Post Evacuate Collection Set: 0.5ms
[2025-05-17T00:35:33.469+0100][0.743s] GC(0)   Other: 0.9ms
[2025-05-17T00:35:33.469+0100][0.743s] GC(0) Eden regions: 29->0(43)
[2025-05-17T00:35:33.469+0100][0.743s] GC(0) Survivor regions: 0->4(4)
[2025-05-17T00:35:33.469+0100][0.743s] GC(0) Old regions: 0->0
[2025-05-17T00:35:33.469+0100][0.743s] GC(0) Archive regions: 0->0
[2025-05-17T00:35:33.469+0100][0.743s] GC(0) Humongous regions: 0->0
[2025-05-17T00:35:33.469+0100][0.743s] GC(0) Metaspace: 6377K(6592K)->6377K(6592K) NonClass: 5638K(5760K)->5638K(5760K) Class: 738K(832K)->738K(832K)
[2025-05-17T00:35:33.469+0100][0.743s] GC(0) Pause Young (Normal) (G1 Evacuation Pause) 29M->3M(512M) 12.832ms
[2025-05-17T00:35:33.469+0100][0.743s] GC(0) User=0.00s Sys=0.03s Real=0.01s
[2025-05-17T00:35:38.707+0100][5.982s] GC(1) Pause Young (Normal) (G1 Evacuation Pause)
[2025-05-17T00:35:38.709+0100][5.983s] GC(1) Using 13 workers of 13 for evacuation
[2025-05-17T00:35:38.713+0100][5.987s] GC(1)   Pre Evacuate Collection Set: 0.2ms
[2025-05-17T00:35:38.713+0100][5.987s] GC(1)   Merge Heap Roots: 0.0ms
[2025-05-17T00:35:38.713+0100][5.987s] GC(1)   Evacuate Collection Set: 3.7ms
[2025-05-17T00:35:38.713+0100][5.987s] GC(1)   Post Evacuate Collection Set: 0.3ms
[2025-05-17T00:35:38.713+0100][5.987s] GC(1)   Other: 0.9ms
[2025-05-17T00:35:38.713+0100][5.987s] GC(1) Eden regions: 43->0(155)
[2025-05-17T00:35:38.713+0100][5.987s] GC(1) Survivor regions: 4->6(6)
[2025-05-17T00:35:38.713+0100][5.987s] GC(1) Old regions: 0->9
[2025-05-17T00:35:38.713+0100][5.987s] GC(1) Archive regions: 0->0
[2025-05-17T00:35:38.713+0100][5.987s] GC(1) Humongous regions: 4->4
[2025-05-17T00:35:38.713+0100][5.987s] GC(1) Metaspace: 17745K(18112K)->17745K(18112K) NonClass: 15673K(15872K)->15673K(15872K) Class: 2072K(2240K)->2072K(2240K)
[2025-05-17T00:35:38.713+0100][5.987s] GC(1) Pause Young (Normal) (G1 Evacuation Pause) 50M->18M(512M) 5.235ms
[2025-05-17T00:35:38.713+0100][5.987s] GC(1) User=0.00s Sys=0.00s Real=0.01s
[2025-05-17T00:35:58.194+0100][25.468s] GC(2) Pause Young (Concurrent Start) (Metadata GC Threshold)
[2025-05-17T00:35:58.194+0100][25.468s] GC(2) Using 13 workers of 13 for evacuation
[2025-05-17T00:35:58.197+0100][25.471s] GC(2)   Pre Evacuate Collection Set: 0.1ms
[2025-05-17T00:35:58.197+0100][25.471s] GC(2)   Merge Heap Roots: 0.0ms
[2025-05-17T00:35:58.197+0100][25.471s] GC(2)   Evacuate Collection Set: 1.8ms
[2025-05-17T00:35:58.197+0100][25.471s] GC(2)   Post Evacuate Collection Set: 1.0ms
[2025-05-17T00:35:58.197+0100][25.471s] GC(2)   Other: 0.2ms
[2025-05-17T00:35:58.197+0100][25.471s] GC(2) Eden regions: 142->0(227)
[2025-05-17T00:35:58.197+0100][25.471s] GC(2) Survivor regions: 6->12(21)
[2025-05-17T00:35:58.197+0100][25.471s] GC(2) Old regions: 9->9
[2025-05-17T00:35:58.197+0100][25.471s] GC(2) Archive regions: 0->0
[2025-05-17T00:35:58.197+0100][25.471s] GC(2) Humongous regions: 4->4
[2025-05-17T00:35:58.197+0100][25.471s] GC(2) Metaspace: 21121K(21504K)->21121K(21504K) NonClass: 18659K(18816K)->18659K(18816K) Class: 2462K(2688K)->2462K(2688K)
[2025-05-17T00:35:58.197+0100][25.471s] GC(2) Pause Young (Concurrent Start) (Metadata GC Threshold) 159M->23M(512M) 3.268ms
[2025-05-17T00:35:58.197+0100][25.471s] GC(2) User=0.00s Sys=0.00s Real=0.00s
[2025-05-17T00:35:58.198+0100][25.471s] GC(3) Concurrent Mark Cycle
[2025-05-17T00:35:58.198+0100][25.471s] GC(3) Concurrent Clear Claimed Marks
[2025-05-17T00:35:58.198+0100][25.472s] GC(3) Concurrent Clear Claimed Marks 0.022ms
[2025-05-17T00:35:58.198+0100][25.472s] GC(3) Concurrent Scan Root Regions
[2025-05-17T00:35:58.199+0100][25.474s] GC(3) Concurrent Scan Root Regions 2.136ms
[2025-05-17T00:35:58.199+0100][25.474s] GC(3) Concurrent Mark
[2025-05-17T00:35:58.199+0100][25.474s] GC(3) Concurrent Mark From Roots
[2025-05-17T00:35:58.199+0100][25.474s] GC(3) Using 3 workers of 3 for marking
[2025-05-17T00:35:58.203+0100][25.477s] GC(3) Concurrent Mark From Roots 3.540ms
[2025-05-17T00:35:58.203+0100][25.477s] GC(3) Concurrent Preclean
[2025-05-17T00:35:58.203+0100][25.477s] GC(3) Concurrent Preclean 0.161ms
[2025-05-17T00:35:58.203+0100][25.477s] GC(3) Pause Remark
[2025-05-17T00:35:58.206+0100][25.480s] GC(3) Pause Remark 26M->26M(512M) 2.549ms
[2025-05-17T00:35:58.206+0100][25.480s] GC(3) User=0.00s Sys=0.00s Real=0.00s
[2025-05-17T00:35:58.206+0100][25.480s] GC(3) Concurrent Mark 6.386ms
[2025-05-17T00:35:58.206+0100][25.480s] GC(3) Concurrent Rebuild Remembered Sets
[2025-05-17T00:35:58.207+0100][25.482s] GC(3) Concurrent Rebuild Remembered Sets 1.669ms
[2025-05-17T00:35:58.207+0100][25.482s] GC(3) Pause Cleanup
[2025-05-17T00:35:58.207+0100][25.482s] GC(3) Pause Cleanup 26M->26M(512M) 0.071ms
[2025-05-17T00:35:58.207+0100][25.482s] GC(3) User=0.00s Sys=0.00s Real=0.00s
[2025-05-17T00:35:58.207+0100][25.482s] GC(3) Concurrent Cleanup for Next Mark
[2025-05-17T00:35:58.208+0100][25.482s] GC(3) Concurrent Cleanup for Next Mark 0.319ms
[2025-05-17T00:35:58.208+0100][25.482s] GC(3) Concurrent Mark Cycle 10.773ms
[2025-05-17T00:36:17.920+0100][45.194s] GC(4) Pause Young (Prepare Mixed) (Metadata GC Threshold)
[2025-05-17T00:36:17.920+0100][45.194s] GC(4) Using 13 workers of 13 for evacuation
[2025-05-17T00:36:17.923+0100][45.197s] GC(4)   Pre Evacuate Collection Set: 0.0ms
[2025-05-17T00:36:17.923+0100][45.197s] GC(4)   Merge Heap Roots: 0.0ms
[2025-05-17T00:36:17.923+0100][45.197s] GC(4)   Evacuate Collection Set: 3.0ms
[2025-05-17T00:36:17.923+0100][45.197s] GC(4)   Post Evacuate Collection Set: 0.3ms
[2025-05-17T00:36:17.923+0100][45.197s] GC(4)   Other: 0.1ms
[2025-05-17T00:36:17.923+0100][45.197s] GC(4) Eden regions: 135->0(8)
[2025-05-17T00:36:17.923+0100][45.197s] GC(4) Survivor regions: 12->17(31)
[2025-05-17T00:36:17.923+0100][45.197s] GC(4) Old regions: 9->9
[2025-05-17T00:36:17.923+0100][45.197s] GC(4) Archive regions: 0->0
[2025-05-17T00:36:17.923+0100][45.197s] GC(4) Humongous regions: 4->4
[2025-05-17T00:36:17.923+0100][45.197s] GC(4) Metaspace: 35720K(36096K)->35720K(36096K) NonClass: 31486K(31680K)->31486K(31680K) Class: 4234K(4416K)->4234K(4416K)
[2025-05-17T00:36:17.923+0100][45.197s] GC(4) Pause Young (Prepare Mixed) (Metadata GC Threshold) 158M->28M(512M) 3.593ms
[2025-05-17T00:36:17.923+0100][45.197s] GC(4) User=0.00s Sys=0.00s Real=0.00s
[2025-05-17T00:36:17.954+0100][45.228s] GC(5) Pause Young (Mixed) (Metadata GC Threshold)
[2025-05-17T00:36:17.954+0100][45.228s] GC(5) Using 13 workers of 13 for evacuation
[2025-05-17T00:36:17.958+0100][45.232s] GC(5)   Pre Evacuate Collection Set: 0.3ms
[2025-05-17T00:36:17.958+0100][45.232s] GC(5)   Merge Heap Roots: 0.3ms
[2025-05-17T00:36:17.958+0100][45.232s] GC(5)   Evacuate Collection Set: 2.7ms
[2025-05-17T00:36:17.958+0100][45.232s] GC(5)   Post Evacuate Collection Set: 0.8ms
[2025-05-17T00:36:17.958+0100][45.232s] GC(5)   Other: 0.1ms
[2025-05-17T00:36:17.958+0100][45.232s] GC(5) Eden regions: 2->0(304)
[2025-05-17T00:36:17.958+0100][45.232s] GC(5) Survivor regions: 17->3(4)
[2025-05-17T00:36:17.958+0100][45.232s] GC(5) Old regions: 9->24
[2025-05-17T00:36:17.958+0100][45.232s] GC(5) Archive regions: 0->0
[2025-05-17T00:36:17.958+0100][45.232s] GC(5) Humongous regions: 4->4
[2025-05-17T00:36:17.958+0100][45.232s] GC(5) Metaspace: 36032K(36416K)->36032K(36416K) NonClass: 31762K(31936K)->31762K(31936K) Class: 4269K(4480K)->4269K(4480K)
[2025-05-17T00:36:17.958+0100][45.232s] GC(5) Pause Young (Mixed) (Metadata GC Threshold) 30M->30M(512M) 4.271ms
[2025-05-17T00:36:17.958+0100][45.232s] GC(5) User=0.00s Sys=0.00s Real=0.00s
[2025-05-17T00:36:17.978+0100][45.253s] GC(6) Pause Young (Concurrent Start) (Metadata GC Threshold)
[2025-05-17T00:36:17.978+0100][45.253s] GC(6) Using 13 workers of 13 for evacuation
[2025-05-17T00:36:17.980+0100][45.254s] GC(6)   Pre Evacuate Collection Set: 0.1ms
[2025-05-17T00:36:17.980+0100][45.254s] GC(6)   Merge Heap Roots: 0.0ms
[2025-05-17T00:36:17.980+0100][45.254s] GC(6)   Evacuate Collection Set: 0.4ms
[2025-05-17T00:36:17.980+0100][45.254s] GC(6)   Post Evacuate Collection Set: 0.2ms
[2025-05-17T00:36:17.980+0100][45.254s] GC(6)   Other: 0.1ms
[2025-05-17T00:36:17.980+0100][45.254s] GC(6) Eden regions: 3->0(306)
[2025-05-17T00:36:17.980+0100][45.254s] GC(6) Survivor regions: 3->1(39)
[2025-05-17T00:36:17.980+0100][45.254s] GC(6) Old regions: 24->24
[2025-05-17T00:36:17.980+0100][45.254s] GC(6) Archive regions: 0->0
[2025-05-17T00:36:17.980+0100][45.254s] GC(6) Humongous regions: 4->4
[2025-05-17T00:36:17.980+0100][45.254s] GC(6) Metaspace: 36411K(36736K)->36411K(36736K) NonClass: 32104K(32256K)->32104K(32256K) Class: 4307K(4480K)->4307K(4480K)
[2025-05-17T00:36:17.980+0100][45.254s] GC(6) Pause Young (Concurrent Start) (Metadata GC Threshold) 33M->28M(512M) 0.947ms
[2025-05-17T00:36:17.980+0100][45.254s] GC(6) User=0.00s Sys=0.00s Real=0.00s
[2025-05-17T00:36:17.980+0100][45.254s] GC(7) Concurrent Mark Cycle
[2025-05-17T00:36:17.980+0100][45.254s] GC(7) Concurrent Clear Claimed Marks
[2025-05-17T00:36:17.980+0100][45.254s] GC(7) Concurrent Clear Claimed Marks 0.018ms
[2025-05-17T00:36:17.980+0100][45.254s] GC(7) Concurrent Scan Root Regions
[2025-05-17T00:36:17.981+0100][45.255s] GC(7) Concurrent Scan Root Regions 0.352ms
[2025-05-17T00:36:17.981+0100][45.255s] GC(7) Concurrent Mark
[2025-05-17T00:36:17.981+0100][45.255s] GC(7) Concurrent Mark From Roots
[2025-05-17T00:36:17.981+0100][45.255s] GC(7) Using 3 workers of 3 for marking
[2025-05-17T00:36:17.989+0100][45.263s] GC(7) Concurrent Mark From Roots 8.081ms
[2025-05-17T00:36:17.989+0100][45.263s] GC(7) Concurrent Preclean
[2025-05-17T00:36:17.989+0100][45.263s] GC(7) Concurrent Preclean 0.175ms
[2025-05-17T00:36:17.989+0100][45.263s] GC(7) Pause Remark
[2025-05-17T00:36:17.990+0100][45.264s] GC(7) Pause Remark 29M->29M(512M) 1.360ms
[2025-05-17T00:36:17.990+0100][45.264s] GC(7) User=0.00s Sys=0.00s Real=0.00s
[2025-05-17T00:36:17.990+0100][45.264s] GC(7) Concurrent Mark 9.767ms
[2025-05-17T00:36:17.990+0100][45.264s] GC(7) Concurrent Rebuild Remembered Sets
[2025-05-17T00:36:17.993+0100][45.268s] GC(7) Concurrent Rebuild Remembered Sets 3.086ms
[2025-05-17T00:36:17.994+0100][45.268s] GC(7) Pause Cleanup
[2025-05-17T00:36:17.994+0100][45.268s] GC(7) Pause Cleanup 30M->30M(512M) 0.299ms
[2025-05-17T00:36:17.994+0100][45.268s] GC(7) User=0.00s Sys=0.00s Real=0.00s
[2025-05-17T00:36:17.994+0100][45.268s] GC(7) Concurrent Cleanup for Next Mark
[2025-05-17T00:36:17.994+0100][45.269s] GC(7) Concurrent Cleanup for Next Mark 0.338ms
[2025-05-17T00:36:17.994+0100][45.269s] GC(7) Concurrent Mark Cycle 14.323ms
[2025-05-17T00:37:13.723+0100][100.997s] GC(8) Pause Young (Prepare Mixed) (G1 Evacuation Pause)
[2025-05-17T00:37:13.723+0100][100.997s] GC(8) Using 13 workers of 13 for evacuation
[2025-05-17T00:37:13.735+0100][101.009s] GC(8)   Pre Evacuate Collection Set: 0.1ms
[2025-05-17T00:37:13.735+0100][101.009s] GC(8)   Merge Heap Roots: 0.1ms
[2025-05-17T00:37:13.735+0100][101.009s] GC(8)   Evacuate Collection Set: 11.3ms
[2025-05-17T00:37:13.735+0100][101.009s] GC(8)   Post Evacuate Collection Set: 0.6ms
[2025-05-17T00:37:13.735+0100][101.009s] GC(8)   Other: 0.2ms
[2025-05-17T00:37:13.735+0100][101.009s] GC(8) Eden regions: 306->0(3)
[2025-05-17T00:37:13.735+0100][101.009s] GC(8) Survivor regions: 1->22(39)
[2025-05-17T00:37:13.735+0100][101.009s] GC(8) Old regions: 24->24
[2025-05-17T00:37:13.735+0100][101.009s] GC(8) Archive regions: 0->0
[2025-05-17T00:37:13.735+0100][101.009s] GC(8) Humongous regions: 4->4
[2025-05-17T00:37:13.735+0100][101.009s] GC(8) Metaspace: 61005K(61568K)->61005K(61568K) NonClass: 53539K(53824K)->53539K(53824K) Class: 7466K(7744K)->7466K(7744K)
[2025-05-17T00:37:13.735+0100][101.009s] GC(8) Pause Young (Prepare Mixed) (G1 Evacuation Pause) 334M->49M(512M) 12.383ms
[2025-05-17T00:37:13.735+0100][101.009s] GC(8) User=0.06s Sys=0.02s Real=0.01s
[2025-05-17T00:37:13.744+0100][101.019s] GC(9) Pause Young (Mixed) (G1 Evacuation Pause)
[2025-05-17T00:37:13.744+0100][101.019s] GC(9) Using 13 workers of 13 for evacuation
[2025-05-17T00:37:13.752+0100][101.026s] GC(9)   Pre Evacuate Collection Set: 0.0ms
[2025-05-17T00:37:13.752+0100][101.026s] GC(9)   Merge Heap Roots: 0.1ms
[2025-05-17T00:37:13.752+0100][101.026s] GC(9)   Evacuate Collection Set: 6.8ms
[2025-05-17T00:37:13.752+0100][101.026s] GC(9)   Post Evacuate Collection Set: 0.3ms
[2025-05-17T00:37:13.752+0100][101.026s] GC(9)   Other: 0.1ms
[2025-05-17T00:37:13.752+0100][101.026s] GC(9) Eden regions: 3->0(305)
[2025-05-17T00:37:13.752+0100][101.026s] GC(9) Survivor regions: 22->2(4)
[2025-05-17T00:37:13.752+0100][101.026s] GC(9) Old regions: 24->46
[2025-05-17T00:37:13.752+0100][101.026s] GC(9) Archive regions: 0->0
[2025-05-17T00:37:13.752+0100][101.026s] GC(9) Humongous regions: 4->4
[2025-05-17T00:37:13.752+0100][101.026s] GC(9) Metaspace: 61006K(61568K)->61006K(61568K) NonClass: 53539K(53824K)->53539K(53824K) Class: 7466K(7744K)->7466K(7744K)
[2025-05-17T00:37:13.752+0100][101.026s] GC(9) Pause Young (Mixed) (G1 Evacuation Pause) 52M->50M(512M) 7.553ms
[2025-05-17T00:37:13.752+0100][101.026s] GC(9) User=0.06s Sys=0.19s Real=0.01s
[2025-05-17T00:37:13.932+0100][101.206s] GC(10) Pause Young (Concurrent Start) (Metadata GC Threshold)
[2025-05-17T00:37:13.932+0100][101.206s] GC(10) Using 13 workers of 13 for evacuation
[2025-05-17T00:37:13.933+0100][101.207s] GC(10)   Pre Evacuate Collection Set: 0.2ms
[2025-05-17T00:37:13.933+0100][101.207s] GC(10)   Merge Heap Roots: 0.2ms
[2025-05-17T00:37:13.933+0100][101.207s] GC(10)   Evacuate Collection Set: 0.6ms
[2025-05-17T00:37:13.933+0100][101.207s] GC(10)   Post Evacuate Collection Set: 0.2ms
[2025-05-17T00:37:13.933+0100][101.208s] GC(10)   Other: 0.1ms
[2025-05-17T00:37:13.933+0100][101.208s] GC(10) Eden regions: 14->0(306)
[2025-05-17T00:37:13.933+0100][101.208s] GC(10) Survivor regions: 2->1(39)
[2025-05-17T00:37:13.933+0100][101.208s] GC(10) Old regions: 46->46
[2025-05-17T00:37:13.933+0100][101.208s] GC(10) Archive regions: 0->0
[2025-05-17T00:37:13.933+0100][101.208s] GC(10) Humongous regions: 4->4
[2025-05-17T00:37:13.933+0100][101.208s] GC(10) Metaspace: 61207K(61696K)->61207K(61696K) NonClass: 53723K(53952K)->53723K(53952K) Class: 7484K(7744K)->7484K(7744K)
[2025-05-17T00:37:13.933+0100][101.208s] GC(10) Pause Young (Concurrent Start) (Metadata GC Threshold) 64M->50M(512M) 1.401ms
[2025-05-17T00:37:13.933+0100][101.208s] GC(10) User=0.00s Sys=0.00s Real=0.00s
[2025-05-17T00:37:13.933+0100][101.208s] GC(11) Concurrent Mark Cycle
[2025-05-17T00:37:13.933+0100][101.208s] GC(11) Concurrent Clear Claimed Marks
[2025-05-17T00:37:13.933+0100][101.208s] GC(11) Concurrent Clear Claimed Marks 0.021ms
[2025-05-17T00:37:13.933+0100][101.208s] GC(11) Concurrent Scan Root Regions
[2025-05-17T00:37:13.934+0100][101.208s] GC(11) Concurrent Scan Root Regions 0.653ms
[2025-05-17T00:37:13.934+0100][101.208s] GC(11) Concurrent Mark
[2025-05-17T00:37:13.934+0100][101.208s] GC(11) Concurrent Mark From Roots
[2025-05-17T00:37:13.934+0100][101.208s] GC(11) Using 3 workers of 3 for marking
[2025-05-17T00:37:13.949+0100][101.223s] GC(11) Concurrent Mark From Roots 14.732ms
[2025-05-17T00:37:13.949+0100][101.223s] GC(11) Concurrent Preclean
[2025-05-17T00:37:13.950+0100][101.223s] GC(11) Concurrent Preclean 0.287ms
[2025-05-17T00:37:13.952+0100][101.226s] GC(11) Pause Remark
[2025-05-17T00:37:13.961+0100][101.235s] GC(11) Pause Remark 51M->51M(512M) 9.136ms
[2025-05-17T00:37:13.961+0100][101.235s] GC(11) User=0.00s Sys=0.00s Real=0.01s
[2025-05-17T00:37:13.961+0100][101.235s] GC(11) Concurrent Mark 26.646ms
[2025-05-17T00:37:13.961+0100][101.235s] GC(11) Concurrent Rebuild Remembered Sets
[2025-05-17T00:37:13.968+0100][101.242s] GC(11) Concurrent Rebuild Remembered Sets 6.719ms
[2025-05-17T00:37:13.974+0100][101.248s] GC(11) Pause Cleanup
[2025-05-17T00:37:13.974+0100][101.248s] GC(11) Pause Cleanup 51M->51M(512M) 0.120ms
[2025-05-17T00:37:13.974+0100][101.248s] GC(11) User=0.00s Sys=0.00s Real=0.00s
[2025-05-17T00:37:13.974+0100][101.248s] GC(11) Concurrent Cleanup for Next Mark
[2025-05-17T00:37:13.974+0100][101.248s] GC(11) Concurrent Cleanup for Next Mark 0.352ms
[2025-05-17T00:37:13.974+0100][101.248s] GC(11) Concurrent Mark Cycle 40.725ms
[2025-05-17T00:40:26.659+0100][293.933s] Heap
[2025-05-17T00:40:26.659+0100][293.933s]  garbage-first heap   total 524288K, used 93429K [0x00000000e0000000, 0x0000000100000000)
[2025-05-17T00:40:26.659+0100][293.933s]   region size 1024K, 42 young (43008K), 1 survivors (1024K)
[2025-05-17T00:40:26.659+0100][293.933s]  Metaspace       used 63087K, committed 63680K, reserved 1114112K
[2025-05-17T00:40:26.659+0100][293.933s]   class space    used 7725K, committed 8000K, reserved 1048576K
