[2025-05-15T16:52:39.560+0100][0.020s] Using G1
[2025-05-15T16:52:39.679+0100][0.140s] Version: 17.0.15+6 (release)
[2025-05-15T16:52:39.679+0100][0.140s] CPUs: 16 total, 16 available
[2025-05-15T16:52:39.679+0100][0.140s] Memory: 16118M
[2025-05-15T16:52:39.679+0100][0.140s] Large Page Support: Disabled
[2025-05-15T16:52:39.679+0100][0.140s] NUMA Support: Disabled
[2025-05-15T16:52:39.680+0100][0.140s] Compressed Oops: Enabled (32-bit)
[2025-05-15T16:52:39.680+0100][0.140s] Heap Region Size: 1M
[2025-05-15T16:52:39.680+0100][0.140s] Heap Min Capacity: 512M
[2025-05-15T16:52:39.680+0100][0.140s] Heap Initial Capacity: 512M
[2025-05-15T16:52:39.680+0100][0.140s] Heap Max Capacity: 512M
[2025-05-15T16:52:39.680+0100][0.140s] Pre-touch: Enabled
[2025-05-15T16:52:39.680+0100][0.140s] Parallel Workers: 13
[2025-05-15T16:52:39.680+0100][0.140s] Concurrent Workers: 3
[2025-05-15T16:52:39.680+0100][0.140s] Concurrent Refinement Workers: 13
[2025-05-15T16:52:39.680+0100][0.140s] Periodic GC: Disabled
[2025-05-15T16:52:39.685+0100][0.146s] CDS archive(s) mapped at: [0x0000022ea3000000-0x0000022ea3bb0000-0x0000022ea3bb0000), size 12255232, SharedBaseAddress: 0x0000022ea3000000, ArchiveRelocationMode: 1.
[2025-05-15T16:52:39.685+0100][0.146s] Compressed class space mapped at: 0x0000022ea4000000-0x0000022ee4000000, reserved size: 1073741824
[2025-05-15T16:52:39.685+0100][0.146s] Narrow klass base: 0x0000022ea3000000, Narrow klass shift: 0, Narrow klass range: 0x100000000
[2025-05-15T16:52:41.704+0100][2.164s] GC(0) Pause Young (Normal) (G1 Evacuation Pause)
[2025-05-15T16:52:41.704+0100][2.165s] GC(0) Using 12 workers of 13 for evacuation
[2025-05-15T16:52:41.711+0100][2.172s] GC(0)   Pre Evacuate Collection Set: 0.2ms
[2025-05-15T16:52:41.711+0100][2.172s] GC(0)   Merge Heap Roots: 0.1ms
[2025-05-15T16:52:41.711+0100][2.172s] GC(0)   Evacuate Collection Set: 5.4ms
[2025-05-15T16:52:41.711+0100][2.172s] GC(0)   Post Evacuate Collection Set: 0.7ms
[2025-05-15T16:52:41.712+0100][2.172s] GC(0)   Other: 1.3ms
[2025-05-15T16:52:41.712+0100][2.172s] GC(0) Eden regions: 29->0(43)
[2025-05-15T16:52:41.712+0100][2.172s] GC(0) Survivor regions: 0->4(4)
[2025-05-15T16:52:41.712+0100][2.172s] GC(0) Old regions: 0->0
[2025-05-15T16:52:41.712+0100][2.172s] GC(0) Archive regions: 0->0
[2025-05-15T16:52:41.712+0100][2.172s] GC(0) Humongous regions: 0->0
[2025-05-15T16:52:41.712+0100][2.172s] GC(0) Metaspace: 6413K(6592K)->6413K(6592K) NonClass: 5669K(5760K)->5669K(5760K) Class: 743K(832K)->743K(832K)
[2025-05-15T16:52:41.712+0100][2.172s] GC(0) Pause Young (Normal) (G1 Evacuation Pause) 29M->3M(512M) 7.973ms
[2025-05-15T16:52:41.712+0100][2.172s] GC(0) User=0.00s Sys=0.17s Real=0.01s
[2025-05-15T16:52:46.936+0100][7.396s] GC(1) Pause Young (Normal) (G1 Evacuation Pause)
[2025-05-15T16:52:46.936+0100][7.396s] GC(1) Using 13 workers of 13 for evacuation
[2025-05-15T16:52:46.940+0100][7.401s] GC(1)   Pre Evacuate Collection Set: 0.1ms
[2025-05-15T16:52:46.940+0100][7.401s] GC(1)   Merge Heap Roots: 0.0ms
[2025-05-15T16:52:46.940+0100][7.401s] GC(1)   Evacuate Collection Set: 4.1ms
[2025-05-15T16:52:46.940+0100][7.401s] GC(1)   Post Evacuate Collection Set: 0.3ms
[2025-05-15T16:52:46.940+0100][7.401s] GC(1)   Other: 0.2ms
[2025-05-15T16:52:46.940+0100][7.401s] GC(1) Eden regions: 43->0(138)
[2025-05-15T16:52:46.940+0100][7.401s] GC(1) Survivor regions: 4->6(6)
[2025-05-15T16:52:46.940+0100][7.401s] GC(1) Old regions: 0->8
[2025-05-15T16:52:46.940+0100][7.401s] GC(1) Archive regions: 0->0
[2025-05-15T16:52:46.940+0100][7.401s] GC(1) Humongous regions: 4->4
[2025-05-15T16:52:46.940+0100][7.401s] GC(1) Metaspace: 17865K(18240K)->17865K(18240K) NonClass: 15781K(16000K)->15781K(16000K) Class: 2084K(2240K)->2084K(2240K)
[2025-05-15T16:52:46.940+0100][7.401s] GC(1) Pause Young (Normal) (G1 Evacuation Pause) 50M->17M(512M) 4.823ms
[2025-05-15T16:52:46.940+0100][7.401s] GC(1) User=0.00s Sys=0.00s Real=0.00s
[2025-05-15T16:53:06.388+0100][26.848s] GC(2) Pause Young (Normal) (G1 Evacuation Pause)
[2025-05-15T16:53:06.388+0100][26.848s] GC(2) Using 13 workers of 13 for evacuation
[2025-05-15T16:53:06.392+0100][26.852s] GC(2)   Pre Evacuate Collection Set: 0.3ms
[2025-05-15T16:53:06.392+0100][26.852s] GC(2)   Merge Heap Roots: 0.3ms
[2025-05-15T16:53:06.392+0100][26.852s] GC(2)   Evacuate Collection Set: 1.5ms
[2025-05-15T16:53:06.392+0100][26.852s] GC(2)   Post Evacuate Collection Set: 1.7ms
[2025-05-15T16:53:06.392+0100][26.852s] GC(2)   Other: 0.2ms
[2025-05-15T16:53:06.392+0100][26.852s] GC(2) Eden regions: 138->0(258)
[2025-05-15T16:53:06.392+0100][26.852s] GC(2) Survivor regions: 6->12(18)
[2025-05-15T16:53:06.392+0100][26.852s] GC(2) Old regions: 8->8
[2025-05-15T16:53:06.392+0100][26.852s] GC(2) Archive regions: 0->0
[2025-05-15T16:53:06.392+0100][26.852s] GC(2) Humongous regions: 4->4
[2025-05-15T16:53:06.392+0100][26.852s] GC(2) Metaspace: 20522K(20864K)->20522K(20864K) NonClass: 18128K(18304K)->18128K(18304K) Class: 2393K(2560K)->2393K(2560K)
[2025-05-15T16:53:06.392+0100][26.852s] GC(2) Pause Young (Normal) (G1 Evacuation Pause) 155M->23M(512M) 4.053ms
[2025-05-15T16:53:06.392+0100][26.852s] GC(2) User=0.00s Sys=0.00s Real=0.00s
[2025-05-15T16:53:06.435+0100][26.896s] GC(3) Pause Young (Concurrent Start) (Metadata GC Threshold)
[2025-05-15T16:53:06.435+0100][26.896s] GC(3) Using 13 workers of 13 for evacuation
[2025-05-15T16:53:06.439+0100][26.899s] GC(3)   Pre Evacuate Collection Set: 0.1ms
[2025-05-15T16:53:06.439+0100][26.899s] GC(3)   Merge Heap Roots: 0.2ms
[2025-05-15T16:53:06.439+0100][26.899s] GC(3)   Evacuate Collection Set: 1.5ms
[2025-05-15T16:53:06.439+0100][26.899s] GC(3)   Post Evacuate Collection Set: 1.1ms
[2025-05-15T16:53:06.439+0100][26.900s] GC(3)   Other: 0.7ms
[2025-05-15T16:53:06.439+0100][26.900s] GC(3) Eden regions: 3->0(274)
[2025-05-15T16:53:06.439+0100][26.900s] GC(3) Survivor regions: 12->12(34)
[2025-05-15T16:53:06.439+0100][26.900s] GC(3) Old regions: 8->8
[2025-05-15T16:53:06.439+0100][26.900s] GC(3) Archive regions: 0->0
[2025-05-15T16:53:06.439+0100][26.900s] GC(3) Humongous regions: 4->4
[2025-05-15T16:53:06.439+0100][26.900s] GC(3) Metaspace: 21122K(21504K)->21122K(21504K) NonClass: 18660K(18880K)->18660K(18880K) Class: 2462K(2624K)->2462K(2624K)
[2025-05-15T16:53:06.439+0100][26.900s] GC(3) Pause Young (Concurrent Start) (Metadata GC Threshold) 26M->23M(512M) 3.716ms
[2025-05-15T16:53:06.439+0100][26.900s] GC(3) User=0.00s Sys=0.00s Real=0.00s
[2025-05-15T16:53:06.439+0100][26.900s] GC(4) Concurrent Mark Cycle
[2025-05-15T16:53:06.439+0100][26.900s] GC(4) Concurrent Clear Claimed Marks
[2025-05-15T16:53:06.439+0100][26.900s] GC(4) Concurrent Clear Claimed Marks 0.020ms
[2025-05-15T16:53:06.439+0100][26.900s] GC(4) Concurrent Scan Root Regions
[2025-05-15T16:53:06.440+0100][26.901s] GC(4) Concurrent Scan Root Regions 1.751ms
[2025-05-15T16:53:06.440+0100][26.901s] GC(4) Concurrent Mark
[2025-05-15T16:53:06.440+0100][26.901s] GC(4) Concurrent Mark From Roots
[2025-05-15T16:53:06.440+0100][26.901s] GC(4) Using 3 workers of 3 for marking
[2025-05-15T16:53:06.445+0100][26.905s] GC(4) Concurrent Mark From Roots 3.322ms
[2025-05-15T16:53:06.445+0100][26.905s] GC(4) Concurrent Preclean
[2025-05-15T16:53:06.445+0100][26.905s] GC(4) Concurrent Preclean 0.164ms
[2025-05-15T16:53:06.445+0100][26.905s] GC(4) Pause Remark
[2025-05-15T16:53:06.448+0100][26.908s] GC(4) Pause Remark 24M->24M(512M) 2.603ms
[2025-05-15T16:53:06.448+0100][26.908s] GC(4) User=0.00s Sys=0.00s Real=0.00s
[2025-05-15T16:53:06.448+0100][26.908s] GC(4) Concurrent Mark 6.223ms
[2025-05-15T16:53:06.448+0100][26.908s] GC(4) Concurrent Rebuild Remembered Sets
[2025-05-15T16:53:06.449+0100][26.909s] GC(4) Concurrent Rebuild Remembered Sets 1.327ms
[2025-05-15T16:53:06.449+0100][26.909s] GC(4) Pause Cleanup
[2025-05-15T16:53:06.449+0100][26.909s] GC(4) Pause Cleanup 24M->24M(512M) 0.157ms
[2025-05-15T16:53:06.449+0100][26.909s] GC(4) User=0.00s Sys=0.00s Real=0.00s
[2025-05-15T16:53:06.449+0100][26.909s] GC(4) Concurrent Cleanup for Next Mark
[2025-05-15T16:53:06.449+0100][26.910s] GC(4) Concurrent Cleanup for Next Mark 0.265ms
[2025-05-15T16:53:06.449+0100][26.910s] GC(4) Concurrent Mark Cycle 9.970ms
[2025-05-15T16:53:26.095+0100][46.555s] GC(5) Pause Young (Concurrent Start) (Metadata GC Threshold)
[2025-05-15T16:53:26.095+0100][46.555s] GC(5) Using 13 workers of 13 for evacuation
[2025-05-15T16:53:26.098+0100][46.558s] GC(5)   Pre Evacuate Collection Set: 0.1ms
[2025-05-15T16:53:26.098+0100][46.558s] GC(5)   Merge Heap Roots: 0.0ms
[2025-05-15T16:53:26.098+0100][46.558s] GC(5)   Evacuate Collection Set: 2.9ms
[2025-05-15T16:53:26.098+0100][46.558s] GC(5)   Post Evacuate Collection Set: 0.3ms
[2025-05-15T16:53:26.098+0100][46.558s] GC(5)   Other: 0.1ms
[2025-05-15T16:53:26.098+0100][46.558s] GC(5) Eden regions: 104->0(289)
[2025-05-15T16:53:26.098+0100][46.558s] GC(5) Survivor regions: 12->18(38)
[2025-05-15T16:53:26.098+0100][46.558s] GC(5) Old regions: 8->8
[2025-05-15T16:53:26.098+0100][46.558s] GC(5) Archive regions: 0->0
[2025-05-15T16:53:26.098+0100][46.558s] GC(5) Humongous regions: 4->4
[2025-05-15T16:53:26.098+0100][46.558s] GC(5) Metaspace: 35560K(35968K)->35560K(35968K) NonClass: 31354K(31552K)->31354K(31552K) Class: 4206K(4416K)->4206K(4416K)
[2025-05-15T16:53:26.098+0100][46.558s] GC(5) Pause Young (Concurrent Start) (Metadata GC Threshold) 127M->29M(512M) 3.553ms
[2025-05-15T16:53:26.098+0100][46.558s] GC(5) User=0.00s Sys=0.20s Real=0.00s
[2025-05-15T16:53:26.098+0100][46.558s] GC(6) Concurrent Mark Cycle
[2025-05-15T16:53:26.098+0100][46.558s] GC(6) Concurrent Clear Claimed Marks
[2025-05-15T16:53:26.098+0100][46.559s] GC(6) Concurrent Clear Claimed Marks 0.017ms
[2025-05-15T16:53:26.098+0100][46.559s] GC(6) Concurrent Scan Root Regions
[2025-05-15T16:53:26.100+0100][46.560s] GC(6) Concurrent Scan Root Regions 1.582ms
[2025-05-15T16:53:26.100+0100][46.560s] GC(6) Concurrent Mark
[2025-05-15T16:53:26.100+0100][46.560s] GC(6) Concurrent Mark From Roots
[2025-05-15T16:53:26.100+0100][46.560s] GC(6) Using 3 workers of 3 for marking
[2025-05-15T16:53:26.103+0100][46.563s] GC(6) Concurrent Mark From Roots 2.791ms
[2025-05-15T16:53:26.103+0100][46.563s] GC(6) Concurrent Preclean
[2025-05-15T16:53:26.103+0100][46.563s] GC(6) Concurrent Preclean 0.168ms
[2025-05-15T16:53:26.103+0100][46.563s] GC(6) Pause Remark
[2025-05-15T16:53:26.104+0100][46.565s] GC(6) Pause Remark 30M->30M(512M) 1.355ms
[2025-05-15T16:53:26.104+0100][46.565s] GC(6) User=0.00s Sys=0.00s Real=0.00s
[2025-05-15T16:53:26.104+0100][46.565s] GC(6) Concurrent Mark 4.454ms
[2025-05-15T16:53:26.104+0100][46.565s] GC(6) Concurrent Rebuild Remembered Sets
[2025-05-15T16:53:26.106+0100][46.566s] GC(6) Concurrent Rebuild Remembered Sets 1.489ms
[2025-05-15T16:53:26.106+0100][46.566s] GC(6) Pause Cleanup
[2025-05-15T16:53:26.106+0100][46.566s] GC(6) Pause Cleanup 31M->31M(512M) 0.049ms
[2025-05-15T16:53:26.106+0100][46.566s] GC(6) User=0.00s Sys=0.00s Real=0.00s
[2025-05-15T16:53:26.106+0100][46.566s] GC(6) Concurrent Cleanup for Next Mark
[2025-05-15T16:53:26.106+0100][46.566s] GC(6) Concurrent Cleanup for Next Mark 0.265ms
[2025-05-15T16:53:26.106+0100][46.567s] GC(6) Concurrent Mark Cycle 8.046ms
[2025-05-15T16:53:48.610+0100][69.070s] GC(7) Pause Young (Normal) (G1 Evacuation Pause)
[2025-05-15T16:53:48.610+0100][69.070s] GC(7) Using 13 workers of 13 for evacuation
[2025-05-15T16:53:48.618+0100][69.078s] GC(7)   Pre Evacuate Collection Set: 0.1ms
[2025-05-15T16:53:48.618+0100][69.078s] GC(7)   Merge Heap Roots: 0.0ms
[2025-05-15T16:53:48.618+0100][69.078s] GC(7)   Evacuate Collection Set: 7.0ms
[2025-05-15T16:53:48.618+0100][69.078s] GC(7)   Post Evacuate Collection Set: 0.7ms
[2025-05-15T16:53:48.618+0100][69.078s] GC(7)   Other: 0.1ms
[2025-05-15T16:53:48.618+0100][69.078s] GC(7) Eden regions: 289->0(273)
[2025-05-15T16:53:48.618+0100][69.078s] GC(7) Survivor regions: 18->34(39)
[2025-05-15T16:53:48.618+0100][69.078s] GC(7) Old regions: 8->8
[2025-05-15T16:53:48.618+0100][69.078s] GC(7) Archive regions: 0->0
[2025-05-15T16:53:48.618+0100][69.078s] GC(7) Humongous regions: 5->5
[2025-05-15T16:53:48.618+0100][69.078s] GC(7) Metaspace: 54381K(54848K)->54381K(54848K) NonClass: 47754K(48000K)->47754K(48000K) Class: 6626K(6848K)->6626K(6848K)
[2025-05-15T16:53:48.619+0100][69.078s] GC(7) Pause Young (Normal) (G1 Evacuation Pause) 319M->46M(512M) 8.056ms
[2025-05-15T16:53:48.619+0100][69.078s] GC(7) User=0.03s Sys=0.16s Real=0.01s
[2025-05-15T16:54:21.493+0100][101.953s] GC(8) Pause Young (Concurrent Start) (Metadata GC Threshold)
[2025-05-15T16:54:21.493+0100][101.953s] GC(8) Using 13 workers of 13 for evacuation
[2025-05-15T16:54:21.500+0100][101.959s] GC(8)   Pre Evacuate Collection Set: 0.1ms
[2025-05-15T16:54:21.500+0100][101.959s] GC(8)   Merge Heap Roots: 0.1ms
[2025-05-15T16:54:21.500+0100][101.959s] GC(8)   Evacuate Collection Set: 5.6ms
[2025-05-15T16:54:21.500+0100][101.959s] GC(8)   Post Evacuate Collection Set: 0.5ms
[2025-05-15T16:54:21.500+0100][101.959s] GC(8)   Other: 0.1ms
[2025-05-15T16:54:21.500+0100][101.959s] GC(8) Eden regions: 106->0(284)
[2025-05-15T16:54:21.500+0100][101.960s] GC(8) Survivor regions: 34->23(39)
[2025-05-15T16:54:21.500+0100][101.960s] GC(8) Old regions: 8->24
[2025-05-15T16:54:21.500+0100][101.960s] GC(8) Archive regions: 0->0
[2025-05-15T16:54:21.500+0100][101.960s] GC(8) Humongous regions: 5->5
[2025-05-15T16:54:21.500+0100][101.960s] GC(8) Metaspace: 59572K(60096K)->59572K(60096K) NonClass: 52233K(52480K)->52233K(52480K) Class: 7338K(7616K)->7338K(7616K)
[2025-05-15T16:54:21.500+0100][101.960s] GC(8) Pause Young (Concurrent Start) (Metadata GC Threshold) 151M->51M(512M) 6.504ms
[2025-05-15T16:54:21.500+0100][101.960s] GC(8) User=0.00s Sys=0.00s Real=0.01s
[2025-05-15T16:54:21.500+0100][101.960s] GC(9) Concurrent Mark Cycle
[2025-05-15T16:54:21.500+0100][101.960s] GC(9) Concurrent Clear Claimed Marks
[2025-05-15T16:54:21.500+0100][101.960s] GC(9) Concurrent Clear Claimed Marks 0.043ms
[2025-05-15T16:54:21.500+0100][101.960s] GC(9) Concurrent Scan Root Regions
[2025-05-15T16:54:21.505+0100][101.965s] GC(9) Concurrent Scan Root Regions 4.983ms
[2025-05-15T16:54:21.505+0100][101.965s] GC(9) Concurrent Mark
[2025-05-15T16:54:21.505+0100][101.965s] GC(9) Concurrent Mark From Roots
[2025-05-15T16:54:21.505+0100][101.965s] GC(9) Using 3 workers of 3 for marking
[2025-05-15T16:54:21.508+0100][101.968s] GC(9) Concurrent Mark From Roots 3.530ms
[2025-05-15T16:54:21.509+0100][101.968s] GC(9) Concurrent Preclean
[2025-05-15T16:54:21.509+0100][101.968s] GC(9) Concurrent Preclean 0.195ms
[2025-05-15T16:54:21.509+0100][101.969s] GC(9) Pause Remark
[2025-05-15T16:54:21.511+0100][101.971s] GC(9) Pause Remark 52M->52M(512M) 2.060ms
[2025-05-15T16:54:21.511+0100][101.971s] GC(9) User=0.00s Sys=0.00s Real=0.00s
[2025-05-15T16:54:21.511+0100][101.971s] GC(9) Concurrent Mark 6.035ms
[2025-05-15T16:54:21.511+0100][101.971s] GC(9) Concurrent Rebuild Remembered Sets
[2025-05-15T16:54:21.514+0100][101.974s] GC(9) Concurrent Rebuild Remembered Sets 3.175ms
[2025-05-15T16:54:21.514+0100][101.974s] GC(9) Pause Cleanup
[2025-05-15T16:54:21.514+0100][101.974s] GC(9) Pause Cleanup 53M->53M(512M) 0.055ms
[2025-05-15T16:54:21.514+0100][101.974s] GC(9) User=0.00s Sys=0.00s Real=0.00s
[2025-05-15T16:54:21.514+0100][101.974s] GC(9) Concurrent Cleanup for Next Mark
[2025-05-15T16:54:21.515+0100][101.974s] GC(9) Concurrent Cleanup for Next Mark 0.270ms
[2025-05-15T16:54:21.515+0100][101.974s] GC(9) Concurrent Mark Cycle 14.785ms
[2025-05-15T16:57:19.294+0100][279.754s] Heap
[2025-05-15T16:57:19.294+0100][279.754s]  garbage-first heap   total 524288K, used 209680K [0x00000000e0000000, 0x0000000100000000)
[2025-05-15T16:57:19.294+0100][279.754s]   region size 1024K, 177 young (181248K), 23 survivors (23552K)
[2025-05-15T16:57:19.294+0100][279.754s]  Metaspace       used 64443K, committed 65088K, reserved 1114112K
[2025-05-15T16:57:19.294+0100][279.754s]   class space    used 7879K, committed 8192K, reserved 1048576K
