[2025-05-02T20:37:55.776+0100][0.010s] Using G1
[2025-05-02T20:37:55.823+0100][0.058s] Version: 17.0.15+6 (release)
[2025-05-02T20:37:55.823+0100][0.058s] CPUs: 16 total, 16 available
[2025-05-02T20:37:55.823+0100][0.058s] Memory: 16118M
[2025-05-02T20:37:55.823+0100][0.058s] Large Page Support: Disabled
[2025-05-02T20:37:55.823+0100][0.058s] NUMA Support: Disabled
[2025-05-02T20:37:55.823+0100][0.058s] Compressed Oops: Enabled (32-bit)
[2025-05-02T20:37:55.823+0100][0.058s] Heap Region Size: 1M
[2025-05-02T20:37:55.823+0100][0.058s] Heap Min Capacity: 512M
[2025-05-02T20:37:55.823+0100][0.058s] Heap Initial Capacity: 512M
[2025-05-02T20:37:55.823+0100][0.058s] Heap Max Capacity: 512M
[2025-05-02T20:37:55.823+0100][0.059s] Pre-touch: Enabled
[2025-05-02T20:37:55.823+0100][0.059s] Parallel Workers: 13
[2025-05-02T20:37:55.824+0100][0.059s] Concurrent Workers: 3
[2025-05-02T20:37:55.824+0100][0.059s] Concurrent Refinement Workers: 13
[2025-05-02T20:37:55.824+0100][0.059s] Periodic GC: Disabled
[2025-05-02T20:37:55.828+0100][0.063s] CDS archive(s) mapped at: [0x000001603f000000-0x000001603fbb0000-0x000001603fbb0000), size 12255232, SharedBaseAddress: 0x000001603f000000, ArchiveRelocationMode: 1.
[2025-05-02T20:37:55.828+0100][0.063s] Compressed class space mapped at: 0x0000016040000000-0x0000016080000000, reserved size: 1073741824
[2025-05-02T20:37:55.828+0100][0.063s] Narrow klass base: 0x000001603f000000, Narrow klass shift: 0, Narrow klass range: 0x100000000
[2025-05-02T20:37:56.384+0100][0.619s] GC(0) Pause Young (Normal) (G1 Evacuation Pause)
[2025-05-02T20:37:56.385+0100][0.620s] GC(0) Using 12 workers of 13 for evacuation
[2025-05-02T20:37:56.387+0100][0.621s] GC(0)   Pre Evacuate Collection Set: 0.0ms
[2025-05-02T20:37:56.387+0100][0.621s] GC(0)   Merge Heap Roots: 0.0ms
[2025-05-02T20:37:56.387+0100][0.621s] GC(0)   Evacuate Collection Set: 1.2ms
[2025-05-02T20:37:56.387+0100][0.621s] GC(0)   Post Evacuate Collection Set: 0.2ms
[2025-05-02T20:37:56.387+0100][0.621s] GC(0)   Other: 0.8ms
[2025-05-02T20:37:56.387+0100][0.621s] GC(0) Eden regions: 29->0(43)
[2025-05-02T20:37:56.387+0100][0.621s] GC(0) Survivor regions: 0->4(4)
[2025-05-02T20:37:56.387+0100][0.621s] GC(0) Old regions: 0->0
[2025-05-02T20:37:56.387+0100][0.621s] GC(0) Archive regions: 0->0
[2025-05-02T20:37:56.387+0100][0.621s] GC(0) Humongous regions: 0->0
[2025-05-02T20:37:56.387+0100][0.621s] GC(0) Metaspace: 6402K(6592K)->6402K(6592K) NonClass: 5660K(5760K)->5660K(5760K) Class: 742K(832K)->742K(832K)
[2025-05-02T20:37:56.387+0100][0.621s] GC(0) Pause Young (Normal) (G1 Evacuation Pause) 29M->3M(512M) 2.446ms
[2025-05-02T20:37:56.387+0100][0.621s] GC(0) User=0.00s Sys=0.00s Real=0.00s
[2025-05-02T20:38:01.935+0100][6.171s] GC(1) Pause Young (Normal) (G1 Evacuation Pause)
[2025-05-02T20:38:01.935+0100][6.171s] GC(1) Using 13 workers of 13 for evacuation
[2025-05-02T20:38:01.940+0100][6.175s] GC(1)   Pre Evacuate Collection Set: 0.0ms
[2025-05-02T20:38:01.940+0100][6.175s] GC(1)   Merge Heap Roots: 0.0ms
[2025-05-02T20:38:01.940+0100][6.175s] GC(1)   Evacuate Collection Set: 3.7ms
[2025-05-02T20:38:01.940+0100][6.175s] GC(1)   Post Evacuate Collection Set: 0.3ms
[2025-05-02T20:38:01.940+0100][6.175s] GC(1)   Other: 0.2ms
[2025-05-02T20:38:01.940+0100][6.175s] GC(1) Eden regions: 43->0(142)
[2025-05-02T20:38:01.940+0100][6.175s] GC(1) Survivor regions: 4->6(6)
[2025-05-02T20:38:01.940+0100][6.175s] GC(1) Old regions: 0->8
[2025-05-02T20:38:01.940+0100][6.175s] GC(1) Archive regions: 0->0
[2025-05-02T20:38:01.940+0100][6.175s] GC(1) Humongous regions: 4->4
[2025-05-02T20:38:01.940+0100][6.175s] GC(1) Metaspace: 17617K(17984K)->17617K(17984K) NonClass: 15552K(15744K)->15552K(15744K) Class: 2065K(2240K)->2065K(2240K)
[2025-05-02T20:38:01.940+0100][6.175s] GC(1) Pause Young (Normal) (G1 Evacuation Pause) 50M->17M(512M) 4.421ms
[2025-05-02T20:38:01.940+0100][6.175s] GC(1) User=0.00s Sys=0.00s Real=0.01s
[2025-05-02T20:38:02.223+0100][6.458s] GC(2) Pause Young (Normal) (G1 Evacuation Pause)
[2025-05-02T20:38:02.223+0100][6.458s] GC(2) Using 13 workers of 13 for evacuation
[2025-05-02T20:38:02.225+0100][6.460s] GC(2)   Pre Evacuate Collection Set: 0.1ms
[2025-05-02T20:38:02.225+0100][6.460s] GC(2)   Merge Heap Roots: 0.1ms
[2025-05-02T20:38:02.225+0100][6.460s] GC(2)   Evacuate Collection Set: 1.5ms
[2025-05-02T20:38:02.225+0100][6.460s] GC(2)   Post Evacuate Collection Set: 0.2ms
[2025-05-02T20:38:02.225+0100][6.460s] GC(2)   Other: 0.2ms
[2025-05-02T20:38:02.225+0100][6.460s] GC(2) Eden regions: 142->0(296)
[2025-05-02T20:38:02.225+0100][6.460s] GC(2) Survivor regions: 6->11(19)
[2025-05-02T20:38:02.225+0100][6.460s] GC(2) Old regions: 8->8
[2025-05-02T20:38:02.225+0100][6.460s] GC(2) Archive regions: 0->0
[2025-05-02T20:38:02.225+0100][6.460s] GC(2) Humongous regions: 4->4
[2025-05-02T20:38:02.225+0100][6.460s] GC(2) Metaspace: 18796K(19072K)->18796K(19072K) NonClass: 16609K(16768K)->16609K(16768K) Class: 2186K(2304K)->2186K(2304K)
[2025-05-02T20:38:02.225+0100][6.460s] GC(2) Pause Young (Normal) (G1 Evacuation Pause) 159M->22M(512M) 2.105ms
[2025-05-02T20:38:02.225+0100][6.460s] GC(2) User=0.17s Sys=0.03s Real=0.00s
[2025-05-02T20:38:20.961+0100][25.196s] GC(3) Pause Young (Concurrent Start) (Metadata GC Threshold)
[2025-05-02T20:38:20.961+0100][25.196s] GC(3) Using 13 workers of 13 for evacuation
[2025-05-02T20:38:20.967+0100][25.202s] GC(3)   Pre Evacuate Collection Set: 2.7ms
[2025-05-02T20:38:20.967+0100][25.202s] GC(3)   Merge Heap Roots: 0.4ms
[2025-05-02T20:38:20.967+0100][25.202s] GC(3)   Evacuate Collection Set: 1.8ms
[2025-05-02T20:38:20.967+0100][25.202s] GC(3)   Post Evacuate Collection Set: 0.8ms
[2025-05-02T20:38:20.967+0100][25.202s] GC(3)   Other: 0.2ms
[2025-05-02T20:38:20.967+0100][25.202s] GC(3) Eden regions: 66->0(295)
[2025-05-02T20:38:20.967+0100][25.202s] GC(3) Survivor regions: 11->12(39)
[2025-05-02T20:38:20.967+0100][25.202s] GC(3) Old regions: 8->8
[2025-05-02T20:38:20.967+0100][25.202s] GC(3) Archive regions: 0->0
[2025-05-02T20:38:20.967+0100][25.202s] GC(3) Humongous regions: 4->4
[2025-05-02T20:38:20.967+0100][25.202s] GC(3) Metaspace: 21122K(21504K)->21122K(21504K) NonClass: 18658K(18816K)->18658K(18816K) Class: 2464K(2688K)->2464K(2688K)
[2025-05-02T20:38:20.967+0100][25.202s] GC(3) Pause Young (Concurrent Start) (Metadata GC Threshold) 88M->23M(512M) 6.022ms
[2025-05-02T20:38:20.967+0100][25.202s] GC(3) User=0.00s Sys=0.00s Real=0.01s
[2025-05-02T20:38:20.967+0100][25.202s] GC(4) Concurrent Mark Cycle
[2025-05-02T20:38:20.967+0100][25.202s] GC(4) Concurrent Clear Claimed Marks
[2025-05-02T20:38:20.967+0100][25.202s] GC(4) Concurrent Clear Claimed Marks 0.018ms
[2025-05-02T20:38:20.967+0100][25.202s] GC(4) Concurrent Scan Root Regions
[2025-05-02T20:38:20.968+0100][25.203s] GC(4) Concurrent Scan Root Regions 1.101ms
[2025-05-02T20:38:20.968+0100][25.203s] GC(4) Concurrent Mark
[2025-05-02T20:38:20.968+0100][25.203s] GC(4) Concurrent Mark From Roots
[2025-05-02T20:38:20.968+0100][25.203s] GC(4) Using 3 workers of 3 for marking
[2025-05-02T20:38:20.972+0100][25.207s] GC(4) Concurrent Mark From Roots 3.383ms
[2025-05-02T20:38:20.972+0100][25.207s] GC(4) Concurrent Preclean
[2025-05-02T20:38:20.972+0100][25.207s] GC(4) Concurrent Preclean 0.167ms
[2025-05-02T20:38:20.972+0100][25.207s] GC(4) Pause Remark
[2025-05-02T20:38:20.974+0100][25.210s] GC(4) Pause Remark 24M->24M(512M) 2.645ms
[2025-05-02T20:38:20.975+0100][25.210s] GC(4) User=0.00s Sys=0.02s Real=0.00s
[2025-05-02T20:38:20.975+0100][25.210s] GC(4) Concurrent Mark 6.363ms
[2025-05-02T20:38:20.975+0100][25.210s] GC(4) Concurrent Rebuild Remembered Sets
[2025-05-02T20:38:20.976+0100][25.211s] GC(4) Concurrent Rebuild Remembered Sets 1.442ms
[2025-05-02T20:38:20.976+0100][25.211s] GC(4) Pause Cleanup
[2025-05-02T20:38:20.977+0100][25.212s] GC(4) Pause Cleanup 24M->24M(512M) 0.271ms
[2025-05-02T20:38:20.977+0100][25.212s] GC(4) User=0.00s Sys=0.00s Real=0.00s
[2025-05-02T20:38:20.977+0100][25.212s] GC(4) Concurrent Cleanup for Next Mark
[2025-05-02T20:38:20.977+0100][25.212s] GC(4) Concurrent Cleanup for Next Mark 0.281ms
[2025-05-02T20:38:20.977+0100][25.212s] GC(4) Concurrent Mark Cycle 10.162ms
[2025-05-02T20:38:41.061+0100][45.295s] GC(5) Pause Young (Concurrent Start) (Metadata GC Threshold)
[2025-05-02T20:38:41.061+0100][45.295s] GC(5) Using 13 workers of 13 for evacuation
[2025-05-02T20:38:41.066+0100][45.301s] GC(5)   Pre Evacuate Collection Set: 0.1ms
[2025-05-02T20:38:41.066+0100][45.301s] GC(5)   Merge Heap Roots: 0.0ms
[2025-05-02T20:38:41.066+0100][45.301s] GC(5)   Evacuate Collection Set: 4.8ms
[2025-05-02T20:38:41.066+0100][45.301s] GC(5)   Post Evacuate Collection Set: 0.3ms
[2025-05-02T20:38:41.066+0100][45.301s] GC(5)   Other: 0.1ms
[2025-05-02T20:38:41.066+0100][45.301s] GC(5) Eden regions: 122->0(290)
[2025-05-02T20:38:41.066+0100][45.301s] GC(5) Survivor regions: 12->17(39)
[2025-05-02T20:38:41.066+0100][45.301s] GC(5) Old regions: 8->8
[2025-05-02T20:38:41.066+0100][45.301s] GC(5) Archive regions: 0->0
[2025-05-02T20:38:41.066+0100][45.301s] GC(5) Humongous regions: 4->4
[2025-05-02T20:38:41.066+0100][45.301s] GC(5) Metaspace: 35715K(36096K)->35715K(36096K) NonClass: 31482K(31680K)->31482K(31680K) Class: 4233K(4416K)->4233K(4416K)
[2025-05-02T20:38:41.066+0100][45.301s] GC(5) Pause Young (Concurrent Start) (Metadata GC Threshold) 145M->28M(512M) 5.416ms
[2025-05-02T20:38:41.066+0100][45.301s] GC(5) User=0.00s Sys=0.00s Real=0.00s
[2025-05-02T20:38:41.066+0100][45.301s] GC(6) Concurrent Mark Cycle
[2025-05-02T20:38:41.066+0100][45.301s] GC(6) Concurrent Clear Claimed Marks
[2025-05-02T20:38:41.066+0100][45.301s] GC(6) Concurrent Clear Claimed Marks 0.017ms
[2025-05-02T20:38:41.066+0100][45.301s] GC(6) Concurrent Scan Root Regions
[2025-05-02T20:38:41.068+0100][45.302s] GC(6) Concurrent Scan Root Regions 1.454ms
[2025-05-02T20:38:41.068+0100][45.302s] GC(6) Concurrent Mark
[2025-05-02T20:38:41.068+0100][45.302s] GC(6) Concurrent Mark From Roots
[2025-05-02T20:38:41.068+0100][45.302s] GC(6) Using 3 workers of 3 for marking
[2025-05-02T20:38:41.070+0100][45.305s] GC(6) Concurrent Mark From Roots 2.720ms
[2025-05-02T20:38:41.071+0100][45.305s] GC(6) Concurrent Preclean
[2025-05-02T20:38:41.071+0100][45.305s] GC(6) Concurrent Preclean 0.162ms
[2025-05-02T20:38:41.071+0100][45.305s] GC(6) Pause Remark
[2025-05-02T20:38:41.072+0100][45.307s] GC(6) Pause Remark 29M->29M(512M) 1.239ms
[2025-05-02T20:38:41.072+0100][45.307s] GC(6) User=0.00s Sys=0.00s Real=0.00s
[2025-05-02T20:38:41.074+0100][45.309s] GC(6) Concurrent Mark 6.580ms
[2025-05-02T20:38:41.074+0100][45.309s] GC(6) Concurrent Rebuild Remembered Sets
[2025-05-02T20:38:41.076+0100][45.311s] GC(6) Concurrent Rebuild Remembered Sets 1.601ms
[2025-05-02T20:38:41.076+0100][45.311s] GC(6) Pause Cleanup
[2025-05-02T20:38:41.076+0100][45.311s] GC(6) Pause Cleanup 29M->29M(512M) 0.060ms
[2025-05-02T20:38:41.076+0100][45.311s] GC(6) User=0.00s Sys=0.00s Real=0.00s
[2025-05-02T20:38:41.076+0100][45.311s] GC(6) Concurrent Cleanup for Next Mark
[2025-05-02T20:38:41.076+0100][45.311s] GC(6) Concurrent Cleanup for Next Mark 0.255ms
[2025-05-02T20:38:41.076+0100][45.311s] GC(6) Concurrent Mark Cycle 10.169ms
