[2025-05-17T18:44:42.306+0100][0.010s] Using G1
[2025-05-17T18:44:42.346+0100][0.050s] Version: 17.0.15+6 (release)
[2025-05-17T18:44:42.346+0100][0.050s] CPUs: 16 total, 16 available
[2025-05-17T18:44:42.346+0100][0.050s] Memory: 16118M
[2025-05-17T18:44:42.346+0100][0.050s] Large Page Support: Disabled
[2025-05-17T18:44:42.346+0100][0.050s] NUMA Support: Disabled
[2025-05-17T18:44:42.346+0100][0.050s] Compressed Oops: Enabled (32-bit)
[2025-05-17T18:44:42.346+0100][0.050s] Heap Region Size: 1M
[2025-05-17T18:44:42.346+0100][0.051s] Heap Min Capacity: 512M
[2025-05-17T18:44:42.346+0100][0.051s] Heap Initial Capacity: 512M
[2025-05-17T18:44:42.346+0100][0.051s] Heap Max Capacity: 512M
[2025-05-17T18:44:42.347+0100][0.051s] Pre-touch: Enabled
[2025-05-17T18:44:42.347+0100][0.051s] Parallel Workers: 13
[2025-05-17T18:44:42.347+0100][0.051s] Concurrent Workers: 3
[2025-05-17T18:44:42.347+0100][0.051s] Concurrent Refinement Workers: 13
[2025-05-17T18:44:42.347+0100][0.051s] Periodic GC: Disabled
[2025-05-17T18:44:42.351+0100][0.055s] CDS archive(s) mapped at: [0x0000015202000000-0x0000015202bb0000-0x0000015202bb0000), size 12255232, SharedBaseAddress: 0x0000015202000000, ArchiveRelocationMode: 1.
[2025-05-17T18:44:42.351+0100][0.055s] Compressed class space mapped at: 0x0000015203000000-0x0000015243000000, reserved size: 1073741824
[2025-05-17T18:44:42.351+0100][0.055s] Narrow klass base: 0x0000015202000000, Narrow klass shift: 0, Narrow klass range: 0x100000000
[2025-05-17T18:44:43.022+0100][0.726s] GC(0) Pause Young (Normal) (G1 Evacuation Pause)
[2025-05-17T18:44:43.031+0100][0.734s] GC(0) Using 12 workers of 13 for evacuation
[2025-05-17T18:44:43.037+0100][0.740s] GC(0)   Pre Evacuate Collection Set: 0.2ms
[2025-05-17T18:44:43.037+0100][0.740s] GC(0)   Merge Heap Roots: 0.3ms
[2025-05-17T18:44:43.037+0100][0.740s] GC(0)   Evacuate Collection Set: 5.2ms
[2025-05-17T18:44:43.037+0100][0.740s] GC(0)   Post Evacuate Collection Set: 0.3ms
[2025-05-17T18:44:43.037+0100][0.740s] GC(0)   Other: 8.3ms
[2025-05-17T18:44:43.037+0100][0.740s] GC(0) Eden regions: 29->0(43)
[2025-05-17T18:44:43.037+0100][0.740s] GC(0) Survivor regions: 0->4(4)
[2025-05-17T18:44:43.037+0100][0.740s] GC(0) Old regions: 0->0
[2025-05-17T18:44:43.037+0100][0.740s] GC(0) Archive regions: 0->0
[2025-05-17T18:44:43.037+0100][0.740s] GC(0) Humongous regions: 0->0
[2025-05-17T18:44:43.037+0100][0.740s] GC(0) Metaspace: 6365K(6592K)->6365K(6592K) NonClass: 5629K(5760K)->5629K(5760K) Class: 735K(832K)->735K(832K)
[2025-05-17T18:44:43.037+0100][0.740s] GC(0) Pause Young (Normal) (G1 Evacuation Pause) 29M->3M(512M) 14.435ms
[2025-05-17T18:44:43.037+0100][0.740s] GC(0) User=0.00s Sys=0.02s Real=0.01s
[2025-05-17T18:44:48.581+0100][6.284s] GC(1) Pause Young (Normal) (G1 Evacuation Pause)
[2025-05-17T18:44:48.581+0100][6.285s] GC(1) Using 13 workers of 13 for evacuation
[2025-05-17T18:44:48.586+0100][6.289s] GC(1)   Pre Evacuate Collection Set: 0.2ms
[2025-05-17T18:44:48.586+0100][6.290s] GC(1)   Merge Heap Roots: 0.0ms
[2025-05-17T18:44:48.586+0100][6.290s] GC(1)   Evacuate Collection Set: 4.2ms
[2025-05-17T18:44:48.586+0100][6.290s] GC(1)   Post Evacuate Collection Set: 0.3ms
[2025-05-17T18:44:48.586+0100][6.290s] GC(1)   Other: 0.6ms
[2025-05-17T18:44:48.586+0100][6.290s] GC(1) Eden regions: 43->0(184)
[2025-05-17T18:44:48.586+0100][6.290s] GC(1) Survivor regions: 4->6(6)
[2025-05-17T18:44:48.586+0100][6.290s] GC(1) Old regions: 0->8
[2025-05-17T18:44:48.586+0100][6.290s] GC(1) Archive regions: 0->0
[2025-05-17T18:44:48.586+0100][6.290s] GC(1) Humongous regions: 4->4
[2025-05-17T18:44:48.586+0100][6.290s] GC(1) Metaspace: 17609K(17920K)->17609K(17920K) NonClass: 15545K(15680K)->15545K(15680K) Class: 2063K(2240K)->2063K(2240K)
[2025-05-17T18:44:48.586+0100][6.290s] GC(1) Pause Young (Normal) (G1 Evacuation Pause) 50M->17M(512M) 5.404ms
[2025-05-17T18:44:48.586+0100][6.290s] GC(1) User=0.02s Sys=0.02s Real=0.00s
[2025-05-17T18:44:48.933+0100][6.636s] GC(2) Pause Young (Normal) (G1 Evacuation Pause)
[2025-05-17T18:44:48.933+0100][6.636s] GC(2) Using 13 workers of 13 for evacuation
[2025-05-17T18:44:48.935+0100][6.638s] GC(2)   Pre Evacuate Collection Set: 0.2ms
[2025-05-17T18:44:48.935+0100][6.638s] GC(2)   Merge Heap Roots: 0.1ms
[2025-05-17T18:44:48.935+0100][6.638s] GC(2)   Evacuate Collection Set: 1.4ms
[2025-05-17T18:44:48.935+0100][6.638s] GC(2)   Post Evacuate Collection Set: 0.2ms
[2025-05-17T18:44:48.935+0100][6.638s] GC(2)   Other: 0.2ms
[2025-05-17T18:44:48.935+0100][6.638s] GC(2) Eden regions: 184->0(295)
[2025-05-17T18:44:48.935+0100][6.638s] GC(2) Survivor regions: 6->12(24)
[2025-05-17T18:44:48.935+0100][6.638s] GC(2) Old regions: 8->8
[2025-05-17T18:44:48.935+0100][6.638s] GC(2) Archive regions: 0->0
[2025-05-17T18:44:48.935+0100][6.638s] GC(2) Humongous regions: 4->4
[2025-05-17T18:44:48.935+0100][6.638s] GC(2) Metaspace: 18946K(19264K)->18946K(19264K) NonClass: 16743K(16896K)->16743K(16896K) Class: 2202K(2368K)->2202K(2368K)
[2025-05-17T18:44:48.935+0100][6.638s] GC(2) Pause Young (Normal) (G1 Evacuation Pause) 201M->23M(512M) 2.265ms
[2025-05-17T18:44:48.935+0100][6.638s] GC(2) User=0.00s Sys=0.00s Real=0.00s
[2025-05-17T18:45:07.645+0100][25.349s] GC(3) Pause Young (Concurrent Start) (Metadata GC Threshold)
[2025-05-17T18:45:07.645+0100][25.349s] GC(3) Using 13 workers of 13 for evacuation
[2025-05-17T18:45:07.648+0100][25.352s] GC(3)   Pre Evacuate Collection Set: 0.1ms
[2025-05-17T18:45:07.648+0100][25.352s] GC(3)   Merge Heap Roots: 0.0ms
[2025-05-17T18:45:07.648+0100][25.352s] GC(3)   Evacuate Collection Set: 1.7ms
[2025-05-17T18:45:07.648+0100][25.352s] GC(3)   Post Evacuate Collection Set: 1.3ms
[2025-05-17T18:45:07.648+0100][25.352s] GC(3)   Other: 0.2ms
[2025-05-17T18:45:07.648+0100][25.352s] GC(3) Eden regions: 25->0(294)
[2025-05-17T18:45:07.648+0100][25.352s] GC(3) Survivor regions: 12->13(39)
[2025-05-17T18:45:07.648+0100][25.352s] GC(3) Old regions: 8->8
[2025-05-17T18:45:07.648+0100][25.352s] GC(3) Archive regions: 0->0
[2025-05-17T18:45:07.648+0100][25.352s] GC(3) Humongous regions: 4->4
[2025-05-17T18:45:07.648+0100][25.352s] GC(3) Metaspace: 21120K(21504K)->21120K(21504K) NonClass: 18657K(18880K)->18657K(18880K) Class: 2462K(2624K)->2462K(2624K)
[2025-05-17T18:45:07.648+0100][25.352s] GC(3) Pause Young (Concurrent Start) (Metadata GC Threshold) 47M->24M(512M) 3.346ms
[2025-05-17T18:45:07.648+0100][25.352s] GC(3) User=0.00s Sys=0.00s Real=0.00s
[2025-05-17T18:45:07.648+0100][25.352s] GC(4) Concurrent Mark Cycle
[2025-05-17T18:45:07.648+0100][25.352s] GC(4) Concurrent Clear Claimed Marks
[2025-05-17T18:45:07.648+0100][25.353s] GC(4) Concurrent Clear Claimed Marks 0.018ms
[2025-05-17T18:45:07.648+0100][25.353s] GC(4) Concurrent Scan Root Regions
[2025-05-17T18:45:07.651+0100][25.355s] GC(4) Concurrent Scan Root Regions 2.922ms
[2025-05-17T18:45:07.651+0100][25.355s] GC(4) Concurrent Mark
[2025-05-17T18:45:07.651+0100][25.355s] GC(4) Concurrent Mark From Roots
[2025-05-17T18:45:07.651+0100][25.355s] GC(4) Using 3 workers of 3 for marking
[2025-05-17T18:45:07.655+0100][25.359s] GC(4) Concurrent Mark From Roots 3.283ms
[2025-05-17T18:45:07.655+0100][25.359s] GC(4) Concurrent Preclean
[2025-05-17T18:45:07.655+0100][25.359s] GC(4) Concurrent Preclean 0.156ms
[2025-05-17T18:45:07.655+0100][25.359s] GC(4) Pause Remark
[2025-05-17T18:45:07.657+0100][25.361s] GC(4) Pause Remark 25M->25M(512M) 1.482ms
[2025-05-17T18:45:07.657+0100][25.361s] GC(4) User=0.00s Sys=0.00s Real=0.00s
[2025-05-17T18:45:07.657+0100][25.361s] GC(4) Concurrent Mark 5.185ms
[2025-05-17T18:45:07.657+0100][25.361s] GC(4) Concurrent Rebuild Remembered Sets
[2025-05-17T18:45:07.658+0100][25.362s] GC(4) Concurrent Rebuild Remembered Sets 1.583ms
[2025-05-17T18:45:07.658+0100][25.362s] GC(4) Pause Cleanup
[2025-05-17T18:45:07.658+0100][25.362s] GC(4) Pause Cleanup 26M->26M(512M) 0.054ms
[2025-05-17T18:45:07.658+0100][25.362s] GC(4) User=0.00s Sys=0.00s Real=0.00s
[2025-05-17T18:45:07.658+0100][25.362s] GC(4) Concurrent Cleanup for Next Mark
[2025-05-17T18:45:07.659+0100][25.363s] GC(4) Concurrent Cleanup for Next Mark 0.320ms
[2025-05-17T18:45:07.659+0100][25.363s] GC(4) Concurrent Mark Cycle 10.313ms
[2025-05-17T18:45:27.718+0100][45.423s] GC(5) Pause Young (Prepare Mixed) (Metadata GC Threshold)
[2025-05-17T18:45:27.718+0100][45.423s] GC(5) Using 13 workers of 13 for evacuation
[2025-05-17T18:45:27.722+0100][45.426s] GC(5)   Pre Evacuate Collection Set: 0.1ms
[2025-05-17T18:45:27.722+0100][45.426s] GC(5)   Merge Heap Roots: 0.0ms
[2025-05-17T18:45:27.722+0100][45.426s] GC(5)   Evacuate Collection Set: 3.0ms
[2025-05-17T18:45:27.722+0100][45.426s] GC(5)   Post Evacuate Collection Set: 0.3ms
[2025-05-17T18:45:27.722+0100][45.426s] GC(5)   Other: 0.1ms
[2025-05-17T18:45:27.722+0100][45.426s] GC(5) Eden regions: 117->0(8)
[2025-05-17T18:45:27.722+0100][45.426s] GC(5) Survivor regions: 13->17(39)
[2025-05-17T18:45:27.722+0100][45.426s] GC(5) Old regions: 8->8
[2025-05-17T18:45:27.722+0100][45.426s] GC(5) Archive regions: 0->0
[2025-05-17T18:45:27.722+0100][45.426s] GC(5) Humongous regions: 4->4
[2025-05-17T18:45:27.722+0100][45.426s] GC(5) Metaspace: 35725K(36096K)->35725K(36096K) NonClass: 31491K(31680K)->31491K(31680K) Class: 4234K(4416K)->4234K(4416K)
[2025-05-17T18:45:27.722+0100][45.426s] GC(5) Pause Young (Prepare Mixed) (Metadata GC Threshold) 141M->28M(512M) 3.701ms
[2025-05-17T18:45:27.722+0100][45.426s] GC(5) User=0.00s Sys=0.00s Real=0.00s
[2025-05-17T18:45:27.768+0100][45.472s] GC(6) Pause Young (Mixed) (Metadata GC Threshold)
[2025-05-17T18:45:27.768+0100][45.472s] GC(6) Using 13 workers of 13 for evacuation
[2025-05-17T18:45:27.771+0100][45.475s] GC(6)   Pre Evacuate Collection Set: 0.0ms
[2025-05-17T18:45:27.771+0100][45.475s] GC(6)   Merge Heap Roots: 0.0ms
[2025-05-17T18:45:27.771+0100][45.476s] GC(6)   Evacuate Collection Set: 2.7ms
[2025-05-17T18:45:27.771+0100][45.476s] GC(6)   Post Evacuate Collection Set: 0.2ms
[2025-05-17T18:45:27.771+0100][45.476s] GC(6)   Other: 0.1ms
[2025-05-17T18:45:27.771+0100][45.476s] GC(6) Eden regions: 2->0(304)
[2025-05-17T18:45:27.771+0100][45.476s] GC(6) Survivor regions: 17->3(4)
[2025-05-17T18:45:27.771+0100][45.476s] GC(6) Old regions: 8->25
[2025-05-17T18:45:27.771+0100][45.476s] GC(6) Archive regions: 0->0
[2025-05-17T18:45:27.771+0100][45.476s] GC(6) Humongous regions: 4->4
[2025-05-17T18:45:27.771+0100][45.476s] GC(6) Metaspace: 36047K(36416K)->36047K(36416K) NonClass: 31777K(31936K)->31777K(31936K) Class: 4269K(4480K)->4269K(4480K)
[2025-05-17T18:45:27.771+0100][45.476s] GC(6) Pause Young (Mixed) (Metadata GC Threshold) 30M->30M(512M) 3.226ms
[2025-05-17T18:45:27.771+0100][45.476s] GC(6) User=0.00s Sys=0.00s Real=0.00s
[2025-05-17T18:45:27.799+0100][45.503s] GC(7) Pause Young (Concurrent Start) (Metadata GC Threshold)
[2025-05-17T18:45:27.799+0100][45.503s] GC(7) Using 13 workers of 13 for evacuation
[2025-05-17T18:45:27.800+0100][45.504s] GC(7)   Pre Evacuate Collection Set: 0.2ms
[2025-05-17T18:45:27.800+0100][45.504s] GC(7)   Merge Heap Roots: 0.2ms
[2025-05-17T18:45:27.800+0100][45.504s] GC(7)   Evacuate Collection Set: 0.4ms
[2025-05-17T18:45:27.801+0100][45.504s] GC(7)   Post Evacuate Collection Set: 0.9ms
[2025-05-17T18:45:27.801+0100][45.505s] GC(7)   Other: 0.1ms
[2025-05-17T18:45:27.801+0100][45.505s] GC(7) Eden regions: 4->0(306)
[2025-05-17T18:45:27.801+0100][45.505s] GC(7) Survivor regions: 3->1(39)
[2025-05-17T18:45:27.801+0100][45.505s] GC(7) Old regions: 25->25
[2025-05-17T18:45:27.801+0100][45.505s] GC(7) Archive regions: 0->0
[2025-05-17T18:45:27.801+0100][45.505s] GC(7) Humongous regions: 4->4
[2025-05-17T18:45:27.801+0100][45.505s] GC(7) Metaspace: 36358K(36736K)->36358K(36736K) NonClass: 32055K(32256K)->32055K(32256K) Class: 4302K(4480K)->4302K(4480K)
[2025-05-17T18:45:27.801+0100][45.505s] GC(7) Pause Young (Concurrent Start) (Metadata GC Threshold) 33M->28M(512M) 2.062ms
[2025-05-17T18:45:27.801+0100][45.505s] GC(7) User=0.00s Sys=0.00s Real=0.00s
[2025-05-17T18:45:27.801+0100][45.505s] GC(8) Concurrent Mark Cycle
[2025-05-17T18:45:27.801+0100][45.505s] GC(8) Concurrent Clear Claimed Marks
[2025-05-17T18:45:27.801+0100][45.505s] GC(8) Concurrent Clear Claimed Marks 0.025ms
[2025-05-17T18:45:27.801+0100][45.505s] GC(8) Concurrent Scan Root Regions
[2025-05-17T18:45:27.801+0100][45.505s] GC(8) Concurrent Scan Root Regions 0.389ms
[2025-05-17T18:45:27.801+0100][45.505s] GC(8) Concurrent Mark
[2025-05-17T18:45:27.801+0100][45.505s] GC(8) Concurrent Mark From Roots
[2025-05-17T18:45:27.801+0100][45.505s] GC(8) Using 3 workers of 3 for marking
[2025-05-17T18:45:27.812+0100][45.515s] GC(8) Concurrent Mark From Roots 10.318ms
[2025-05-17T18:45:27.812+0100][45.515s] GC(8) Concurrent Preclean
[2025-05-17T18:45:27.812+0100][45.516s] GC(8) Concurrent Preclean 0.139ms
[2025-05-17T18:45:27.812+0100][45.516s] GC(8) Pause Remark
[2025-05-17T18:45:27.815+0100][45.519s] GC(8) Pause Remark 30M->30M(512M) 3.028ms
[2025-05-17T18:45:27.815+0100][45.519s] GC(8) User=0.00s Sys=0.00s Real=0.00s
[2025-05-17T18:45:27.815+0100][45.519s] GC(8) Concurrent Mark 13.707ms
[2025-05-17T18:45:27.815+0100][45.519s] GC(8) Concurrent Rebuild Remembered Sets
[2025-05-17T18:45:27.820+0100][45.524s] GC(8) Concurrent Rebuild Remembered Sets 4.717ms
[2025-05-17T18:45:27.820+0100][45.524s] GC(8) Pause Cleanup
[2025-05-17T18:45:27.820+0100][45.524s] GC(8) Pause Cleanup 30M->30M(512M) 0.069ms
[2025-05-17T18:45:27.820+0100][45.524s] GC(8) User=0.00s Sys=0.00s Real=0.00s
[2025-05-17T18:45:27.820+0100][45.524s] GC(8) Concurrent Cleanup for Next Mark
[2025-05-17T18:45:27.820+0100][45.524s] GC(8) Concurrent Cleanup for Next Mark 0.293ms
[2025-05-17T18:45:27.820+0100][45.524s] GC(8) Concurrent Mark Cycle 19.446ms
[2025-05-17T18:46:47.660+0100][125.364s] GC(9) Pause Young (Prepare Mixed) (G1 Evacuation Pause)
[2025-05-17T18:46:47.660+0100][125.364s] GC(9) Using 13 workers of 13 for evacuation
[2025-05-17T18:46:47.679+0100][125.383s] GC(9)   Pre Evacuate Collection Set: 0.3ms
[2025-05-17T18:46:47.679+0100][125.383s] GC(9)   Merge Heap Roots: 0.3ms
[2025-05-17T18:46:47.679+0100][125.383s] GC(9)   Evacuate Collection Set: 13.0ms
[2025-05-17T18:46:47.679+0100][125.383s] GC(9)   Post Evacuate Collection Set: 5.5ms
[2025-05-17T18:46:47.679+0100][125.383s] GC(9)   Other: 0.2ms
[2025-05-17T18:46:47.679+0100][125.383s] GC(9) Eden regions: 306->0(5)
[2025-05-17T18:46:47.679+0100][125.383s] GC(9) Survivor regions: 1->20(39)
[2025-05-17T18:46:47.679+0100][125.383s] GC(9) Old regions: 25->25
[2025-05-17T18:46:47.679+0100][125.383s] GC(9) Archive regions: 0->0
[2025-05-17T18:46:47.679+0100][125.383s] GC(9) Humongous regions: 4->4
[2025-05-17T18:46:47.679+0100][125.383s] GC(9) Metaspace: 60320K(60928K)->60320K(60928K) NonClass: 52888K(53184K)->52888K(53184K) Class: 7431K(7744K)->7431K(7744K)
[2025-05-17T18:46:47.679+0100][125.383s] GC(9) Pause Young (Prepare Mixed) (G1 Evacuation Pause) 334M->48M(512M) 19.388ms
[2025-05-17T18:46:47.679+0100][125.383s] GC(9) User=0.11s Sys=0.09s Real=0.02s
[2025-05-17T18:46:47.694+0100][125.398s] GC(10) Pause Young (Mixed) (G1 Evacuation Pause)
[2025-05-17T18:46:47.694+0100][125.398s] GC(10) Using 13 workers of 13 for evacuation
[2025-05-17T18:46:47.700+0100][125.404s] GC(10)   Pre Evacuate Collection Set: 0.1ms
[2025-05-17T18:46:47.700+0100][125.404s] GC(10)   Merge Heap Roots: 0.0ms
[2025-05-17T18:46:47.700+0100][125.404s] GC(10)   Evacuate Collection Set: 5.2ms
[2025-05-17T18:46:47.700+0100][125.404s] GC(10)   Post Evacuate Collection Set: 0.3ms
[2025-05-17T18:46:47.700+0100][125.404s] GC(10)   Other: 0.1ms
[2025-05-17T18:46:47.700+0100][125.404s] GC(10) Eden regions: 5->0(305)
[2025-05-17T18:46:47.700+0100][125.404s] GC(10) Survivor regions: 20->2(4)
[2025-05-17T18:46:47.700+0100][125.404s] GC(10) Old regions: 25->44
[2025-05-17T18:46:47.700+0100][125.404s] GC(10) Archive regions: 0->0
[2025-05-17T18:46:47.700+0100][125.404s] GC(10) Humongous regions: 4->4
[2025-05-17T18:46:47.701+0100][125.404s] GC(10) Metaspace: 60333K(60928K)->60333K(60928K) NonClass: 52901K(53184K)->52901K(53184K) Class: 7431K(7744K)->7431K(7744K)
[2025-05-17T18:46:47.701+0100][125.404s] GC(10) Pause Young (Mixed) (G1 Evacuation Pause) 53M->49M(512M) 6.009ms
[2025-05-17T18:46:47.701+0100][125.404s] GC(10) User=0.06s Sys=0.14s Real=0.01s
[2025-05-17T18:46:48.599+0100][126.303s] GC(11) Pause Young (Concurrent Start) (Metadata GC Threshold)
[2025-05-17T18:46:48.599+0100][126.303s] GC(11) Using 13 workers of 13 for evacuation
[2025-05-17T18:46:48.600+0100][126.304s] GC(11)   Pre Evacuate Collection Set: 0.1ms
[2025-05-17T18:46:48.600+0100][126.304s] GC(11)   Merge Heap Roots: 0.1ms
[2025-05-17T18:46:48.600+0100][126.304s] GC(11)   Evacuate Collection Set: 0.9ms
[2025-05-17T18:46:48.600+0100][126.304s] GC(11)   Post Evacuate Collection Set: 0.3ms
[2025-05-17T18:46:48.601+0100][126.304s] GC(11)   Other: 0.1ms
[2025-05-17T18:46:48.601+0100][126.304s] GC(11) Eden regions: 231->0(302)
[2025-05-17T18:46:48.601+0100][126.304s] GC(11) Survivor regions: 2->5(39)
[2025-05-17T18:46:48.601+0100][126.304s] GC(11) Old regions: 44->44
[2025-05-17T18:46:48.601+0100][126.304s] GC(11) Archive regions: 0->0
[2025-05-17T18:46:48.601+0100][126.304s] GC(11) Humongous regions: 4->4
[2025-05-17T18:46:48.601+0100][126.304s] GC(11) Metaspace: 61240K(61760K)->61240K(61760K) NonClass: 53751K(54016K)->53751K(54016K) Class: 7489K(7744K)->7489K(7744K)
[2025-05-17T18:46:48.601+0100][126.304s] GC(11) Pause Young (Concurrent Start) (Metadata GC Threshold) 280M->52M(512M) 1.588ms
[2025-05-17T18:46:48.601+0100][126.305s] GC(11) User=0.00s Sys=0.00s Real=0.00s
[2025-05-17T18:46:48.601+0100][126.305s] GC(12) Concurrent Mark Cycle
[2025-05-17T18:46:48.601+0100][126.305s] GC(12) Concurrent Clear Claimed Marks
[2025-05-17T18:46:48.601+0100][126.305s] GC(12) Concurrent Clear Claimed Marks 0.029ms
[2025-05-17T18:46:48.601+0100][126.305s] GC(12) Concurrent Scan Root Regions
[2025-05-17T18:46:48.601+0100][126.305s] GC(12) Concurrent Scan Root Regions 0.636ms
[2025-05-17T18:46:48.601+0100][126.305s] GC(12) Concurrent Mark
[2025-05-17T18:46:48.601+0100][126.305s] GC(12) Concurrent Mark From Roots
[2025-05-17T18:46:48.601+0100][126.305s] GC(12) Using 3 workers of 3 for marking
[2025-05-17T18:46:48.620+0100][126.324s] GC(12) Concurrent Mark From Roots 18.536ms
[2025-05-17T18:46:48.620+0100][126.324s] GC(12) Concurrent Preclean
[2025-05-17T18:46:48.620+0100][126.324s] GC(12) Concurrent Preclean 0.267ms
[2025-05-17T18:46:48.632+0100][126.336s] GC(12) Pause Remark
[2025-05-17T18:46:48.640+0100][126.345s] GC(12) Pause Remark 54M->54M(512M) 8.915ms
[2025-05-17T18:46:48.640+0100][126.345s] GC(12) User=0.09s Sys=0.05s Real=0.01s
[2025-05-17T18:46:48.640+0100][126.345s] GC(12) Concurrent Mark 39.363ms
[2025-05-17T18:46:48.640+0100][126.345s] GC(12) Concurrent Rebuild Remembered Sets
[2025-05-17T18:46:48.648+0100][126.352s] GC(12) Concurrent Rebuild Remembered Sets 7.504ms
[2025-05-17T18:46:48.648+0100][126.352s] GC(12) Pause Cleanup
[2025-05-17T18:46:48.649+0100][126.353s] GC(12) Pause Cleanup 55M->55M(512M) 0.218ms
[2025-05-17T18:46:48.649+0100][126.353s] GC(12) User=0.00s Sys=0.00s Real=0.00s
[2025-05-17T18:46:48.649+0100][126.353s] GC(12) Concurrent Cleanup for Next Mark
[2025-05-17T18:46:48.649+0100][126.353s] GC(12) Concurrent Cleanup for Next Mark 0.320ms
[2025-05-17T18:46:48.649+0100][126.353s] GC(12) Concurrent Mark Cycle 48.478ms
[2025-05-17T18:47:22.973+0100][160.677s] Heap
[2025-05-17T18:47:22.974+0100][160.677s]  garbage-first heap   total 524288K, used 128177K [0x00000000e0000000, 0x0000000100000000)
[2025-05-17T18:47:22.974+0100][160.677s]   region size 1024K, 78 young (79872K), 5 survivors (5120K)
[2025-05-17T18:47:22.974+0100][160.677s]  Metaspace       used 63327K, committed 63872K, reserved 1114112K
[2025-05-17T18:47:22.974+0100][160.677s]   class space    used 7769K, committed 8000K, reserved 1048576K
