[2025-05-15T18:18:25.413+0100][0.016s] Using G1
[2025-05-15T18:18:25.493+0100][0.095s] Version: 17.0.15+6 (release)
[2025-05-15T18:18:25.493+0100][0.095s] CPUs: 16 total, 16 available
[2025-05-15T18:18:25.493+0100][0.095s] Memory: 16118M
[2025-05-15T18:18:25.493+0100][0.095s] Large Page Support: Disabled
[2025-05-15T18:18:25.493+0100][0.095s] NUMA Support: Disabled
[2025-05-15T18:18:25.493+0100][0.095s] Compressed Oops: Enabled (32-bit)
[2025-05-15T18:18:25.493+0100][0.095s] Heap Region Size: 1M
[2025-05-15T18:18:25.493+0100][0.095s] Heap Min Capacity: 512M
[2025-05-15T18:18:25.493+0100][0.095s] Heap Initial Capacity: 512M
[2025-05-15T18:18:25.493+0100][0.095s] Heap Max Capacity: 512M
[2025-05-15T18:18:25.493+0100][0.096s] Pre-touch: Enabled
[2025-05-15T18:18:25.493+0100][0.096s] Parallel Workers: 13
[2025-05-15T18:18:25.493+0100][0.096s] Concurrent Workers: 3
[2025-05-15T18:18:25.493+0100][0.096s] Concurrent Refinement Workers: 13
[2025-05-15T18:18:25.493+0100][0.096s] Periodic GC: Disabled
[2025-05-15T18:18:25.499+0100][0.101s] CDS archive(s) mapped at: [0x0000022320000000-0x0000022320bb0000-0x0000022320bb0000), size 12255232, SharedBaseAddress: 0x0000022320000000, ArchiveRelocationMode: 1.
[2025-05-15T18:18:25.499+0100][0.101s] Compressed class space mapped at: 0x0000022321000000-0x0000022361000000, reserved size: 1073741824
[2025-05-15T18:18:25.499+0100][0.101s] Narrow klass base: 0x0000022320000000, Narrow klass shift: 0, Narrow klass range: 0x100000000
[2025-05-15T18:18:26.127+0100][0.731s] GC(0) Pause Young (Normal) (G1 Evacuation Pause)
[2025-05-15T18:18:26.130+0100][0.733s] GC(0) Using 12 workers of 13 for evacuation
[2025-05-15T18:18:26.132+0100][0.735s] GC(0)   Pre Evacuate Collection Set: 0.0ms
[2025-05-15T18:18:26.132+0100][0.735s] GC(0)   Merge Heap Roots: 0.0ms
[2025-05-15T18:18:26.132+0100][0.735s] GC(0)   Evacuate Collection Set: 1.9ms
[2025-05-15T18:18:26.132+0100][0.735s] GC(0)   Post Evacuate Collection Set: 0.2ms
[2025-05-15T18:18:26.132+0100][0.735s] GC(0)   Other: 2.4ms
[2025-05-15T18:18:26.132+0100][0.735s] GC(0) Eden regions: 29->0(43)
[2025-05-15T18:18:26.132+0100][0.735s] GC(0) Survivor regions: 0->4(4)
[2025-05-15T18:18:26.132+0100][0.735s] GC(0) Old regions: 0->0
[2025-05-15T18:18:26.132+0100][0.735s] GC(0) Archive regions: 0->0
[2025-05-15T18:18:26.132+0100][0.735s] GC(0) Humongous regions: 0->0
[2025-05-15T18:18:26.132+0100][0.735s] GC(0) Metaspace: 6375K(6592K)->6375K(6592K) NonClass: 5636K(5760K)->5636K(5760K) Class: 738K(832K)->738K(832K)
[2025-05-15T18:18:26.132+0100][0.735s] GC(0) Pause Young (Normal) (G1 Evacuation Pause) 29M->3M(512M) 4.782ms
[2025-05-15T18:18:26.132+0100][0.735s] GC(0) User=0.03s Sys=0.02s Real=0.00s
[2025-05-15T18:18:31.288+0100][5.891s] GC(1) Pause Young (Normal) (G1 Evacuation Pause)
[2025-05-15T18:18:31.288+0100][5.891s] GC(1) Using 13 workers of 13 for evacuation
[2025-05-15T18:18:31.292+0100][5.895s] GC(1)   Pre Evacuate Collection Set: 0.1ms
[2025-05-15T18:18:31.292+0100][5.895s] GC(1)   Merge Heap Roots: 0.0ms
[2025-05-15T18:18:31.292+0100][5.895s] GC(1)   Evacuate Collection Set: 3.6ms
[2025-05-15T18:18:31.292+0100][5.895s] GC(1)   Post Evacuate Collection Set: 0.3ms
[2025-05-15T18:18:31.292+0100][5.895s] GC(1)   Other: 0.2ms
[2025-05-15T18:18:31.292+0100][5.895s] GC(1) Eden regions: 43->0(158)
[2025-05-15T18:18:31.292+0100][5.895s] GC(1) Survivor regions: 4->6(6)
[2025-05-15T18:18:31.292+0100][5.895s] GC(1) Old regions: 0->8
[2025-05-15T18:18:31.292+0100][5.895s] GC(1) Archive regions: 0->0
[2025-05-15T18:18:31.292+0100][5.895s] GC(1) Humongous regions: 4->4
[2025-05-15T18:18:31.292+0100][5.895s] GC(1) Metaspace: 17630K(17984K)->17630K(17984K) NonClass: 15565K(15744K)->15565K(15744K) Class: 2065K(2240K)->2065K(2240K)
[2025-05-15T18:18:31.292+0100][5.895s] GC(1) Pause Young (Normal) (G1 Evacuation Pause) 50M->17M(512M) 4.267ms
[2025-05-15T18:18:31.292+0100][5.895s] GC(1) User=0.00s Sys=0.00s Real=0.00s
[2025-05-15T18:18:31.599+0100][6.202s] GC(2) Pause Young (Normal) (G1 Evacuation Pause)
[2025-05-15T18:18:31.599+0100][6.202s] GC(2) Using 13 workers of 13 for evacuation
[2025-05-15T18:18:31.601+0100][6.204s] GC(2)   Pre Evacuate Collection Set: 0.0ms
[2025-05-15T18:18:31.601+0100][6.204s] GC(2)   Merge Heap Roots: 0.3ms
[2025-05-15T18:18:31.601+0100][6.204s] GC(2)   Evacuate Collection Set: 1.4ms
[2025-05-15T18:18:31.601+0100][6.204s] GC(2)   Post Evacuate Collection Set: 0.2ms
[2025-05-15T18:18:31.601+0100][6.204s] GC(2)   Other: 0.1ms
[2025-05-15T18:18:31.601+0100][6.204s] GC(2) Eden regions: 158->0(295)
[2025-05-15T18:18:31.601+0100][6.204s] GC(2) Survivor regions: 6->12(21)
[2025-05-15T18:18:31.601+0100][6.204s] GC(2) Old regions: 8->8
[2025-05-15T18:18:31.601+0100][6.204s] GC(2) Archive regions: 0->0
[2025-05-15T18:18:31.601+0100][6.204s] GC(2) Humongous regions: 4->4
[2025-05-15T18:18:31.601+0100][6.204s] GC(2) Metaspace: 18803K(19072K)->18803K(19072K) NonClass: 16616K(16768K)->16616K(16768K) Class: 2186K(2304K)->2186K(2304K)
[2025-05-15T18:18:31.601+0100][6.204s] GC(2) Pause Young (Normal) (G1 Evacuation Pause) 175M->23M(512M) 2.292ms
[2025-05-15T18:18:31.601+0100][6.204s] GC(2) User=0.00s Sys=0.00s Real=0.00s
[2025-05-15T18:18:50.764+0100][25.367s] GC(3) Pause Young (Concurrent Start) (Metadata GC Threshold)
[2025-05-15T18:18:50.764+0100][25.367s] GC(3) Using 13 workers of 13 for evacuation
[2025-05-15T18:18:50.770+0100][25.373s] GC(3)   Pre Evacuate Collection Set: 0.1ms
[2025-05-15T18:18:50.770+0100][25.373s] GC(3)   Merge Heap Roots: 0.0ms
[2025-05-15T18:18:50.770+0100][25.373s] GC(3)   Evacuate Collection Set: 5.5ms
[2025-05-15T18:18:50.770+0100][25.373s] GC(3)   Post Evacuate Collection Set: 0.2ms
[2025-05-15T18:18:50.770+0100][25.373s] GC(3)   Other: 0.1ms
[2025-05-15T18:18:50.770+0100][25.373s] GC(3) Eden regions: 51->0(294)
[2025-05-15T18:18:50.770+0100][25.373s] GC(3) Survivor regions: 12->13(39)
[2025-05-15T18:18:50.770+0100][25.373s] GC(3) Old regions: 8->8
[2025-05-15T18:18:50.770+0100][25.373s] GC(3) Archive regions: 0->0
[2025-05-15T18:18:50.770+0100][25.373s] GC(3) Humongous regions: 4->4
[2025-05-15T18:18:50.770+0100][25.373s] GC(3) Metaspace: 21122K(21504K)->21122K(21504K) NonClass: 18660K(18816K)->18660K(18816K) Class: 2462K(2688K)->2462K(2688K)
[2025-05-15T18:18:50.770+0100][25.373s] GC(3) Pause Young (Concurrent Start) (Metadata GC Threshold) 73M->24M(512M) 6.159ms
[2025-05-15T18:18:50.770+0100][25.373s] GC(3) User=0.02s Sys=0.00s Real=0.01s
[2025-05-15T18:18:50.770+0100][25.373s] GC(4) Concurrent Mark Cycle
[2025-05-15T18:18:50.770+0100][25.373s] GC(4) Concurrent Clear Claimed Marks
[2025-05-15T18:18:50.770+0100][25.373s] GC(4) Concurrent Clear Claimed Marks 0.020ms
[2025-05-15T18:18:50.770+0100][25.373s] GC(4) Concurrent Scan Root Regions
[2025-05-15T18:18:50.772+0100][25.374s] GC(4) Concurrent Scan Root Regions 1.228ms
[2025-05-15T18:18:50.772+0100][25.374s] GC(4) Concurrent Mark
[2025-05-15T18:18:50.772+0100][25.374s] GC(4) Concurrent Mark From Roots
[2025-05-15T18:18:50.772+0100][25.374s] GC(4) Using 3 workers of 3 for marking
[2025-05-15T18:18:50.774+0100][25.377s] GC(4) Concurrent Mark From Roots 2.719ms
[2025-05-15T18:18:50.774+0100][25.377s] GC(4) Concurrent Preclean
[2025-05-15T18:18:50.775+0100][25.377s] GC(4) Concurrent Preclean 0.156ms
[2025-05-15T18:18:50.775+0100][25.377s] GC(4) Pause Remark
[2025-05-15T18:18:50.775+0100][25.378s] GC(4) Pause Remark 24M->24M(512M) 1.032ms
[2025-05-15T18:18:50.775+0100][25.378s] GC(4) User=0.00s Sys=0.00s Real=0.00s
[2025-05-15T18:18:50.775+0100][25.378s] GC(4) Concurrent Mark 4.014ms
[2025-05-15T18:18:50.775+0100][25.378s] GC(4) Concurrent Rebuild Remembered Sets
[2025-05-15T18:18:50.777+0100][25.380s] GC(4) Concurrent Rebuild Remembered Sets 1.297ms
[2025-05-15T18:18:50.780+0100][25.382s] GC(4) Pause Cleanup
[2025-05-15T18:18:50.780+0100][25.382s] GC(4) Pause Cleanup 24M->24M(512M) 0.054ms
[2025-05-15T18:18:50.780+0100][25.382s] GC(4) User=0.00s Sys=0.00s Real=0.00s
[2025-05-15T18:18:50.780+0100][25.382s] GC(4) Concurrent Cleanup for Next Mark
[2025-05-15T18:18:50.780+0100][25.383s] GC(4) Concurrent Cleanup for Next Mark 0.252ms
[2025-05-15T18:18:50.780+0100][25.383s] GC(4) Concurrent Mark Cycle 9.532ms
[2025-05-15T18:19:10.885+0100][45.488s] GC(5) Pause Young (Prepare Mixed) (Metadata GC Threshold)
[2025-05-15T18:19:10.885+0100][45.488s] GC(5) Using 13 workers of 13 for evacuation
[2025-05-15T18:19:10.892+0100][45.495s] GC(5)   Pre Evacuate Collection Set: 0.0ms
[2025-05-15T18:19:10.892+0100][45.495s] GC(5)   Merge Heap Roots: 0.0ms
[2025-05-15T18:19:10.892+0100][45.495s] GC(5)   Evacuate Collection Set: 6.8ms
[2025-05-15T18:19:10.892+0100][45.495s] GC(5)   Post Evacuate Collection Set: 0.3ms
[2025-05-15T18:19:10.892+0100][45.495s] GC(5)   Other: 0.1ms
[2025-05-15T18:19:10.892+0100][45.495s] GC(5) Eden regions: 122->0(8)
[2025-05-15T18:19:10.892+0100][45.495s] GC(5) Survivor regions: 13->17(39)
[2025-05-15T18:19:10.892+0100][45.495s] GC(5) Old regions: 8->8
[2025-05-15T18:19:10.892+0100][45.495s] GC(5) Archive regions: 0->0
[2025-05-15T18:19:10.892+0100][45.495s] GC(5) Humongous regions: 4->4
[2025-05-15T18:19:10.892+0100][45.495s] GC(5) Metaspace: 35716K(36096K)->35716K(36096K) NonClass: 31484K(31680K)->31484K(31680K) Class: 4232K(4416K)->4232K(4416K)
[2025-05-15T18:19:10.892+0100][45.495s] GC(5) Pause Young (Prepare Mixed) (Metadata GC Threshold) 145M->28M(512M) 7.534ms
[2025-05-15T18:19:10.892+0100][45.495s] GC(5) User=0.00s Sys=0.00s Real=0.01s
[2025-05-15T18:19:10.936+0100][45.539s] GC(6) Pause Young (Mixed) (Metadata GC Threshold)
[2025-05-15T18:19:10.936+0100][45.539s] GC(6) Using 13 workers of 13 for evacuation
[2025-05-15T18:19:10.941+0100][45.544s] GC(6)   Pre Evacuate Collection Set: 0.0ms
[2025-05-15T18:19:10.941+0100][45.544s] GC(6)   Merge Heap Roots: 0.0ms
[2025-05-15T18:19:10.941+0100][45.544s] GC(6)   Evacuate Collection Set: 4.5ms
[2025-05-15T18:19:10.941+0100][45.544s] GC(6)   Post Evacuate Collection Set: 0.2ms
[2025-05-15T18:19:10.941+0100][45.544s] GC(6)   Other: 0.1ms
[2025-05-15T18:19:10.941+0100][45.544s] GC(6) Eden regions: 2->0(305)
[2025-05-15T18:19:10.941+0100][45.544s] GC(6) Survivor regions: 17->2(4)
[2025-05-15T18:19:10.941+0100][45.544s] GC(6) Old regions: 8->25
[2025-05-15T18:19:10.941+0100][45.544s] GC(6) Archive regions: 0->0
[2025-05-15T18:19:10.941+0100][45.544s] GC(6) Humongous regions: 4->4
[2025-05-15T18:19:10.941+0100][45.544s] GC(6) Metaspace: 36026K(36416K)->36026K(36416K) NonClass: 31759K(31936K)->31759K(31936K) Class: 4267K(4480K)->4267K(4480K)
[2025-05-15T18:19:10.941+0100][45.544s] GC(6) Pause Young (Mixed) (Metadata GC Threshold) 30M->30M(512M) 5.102ms
[2025-05-15T18:19:10.941+0100][45.544s] GC(6) User=0.00s Sys=0.00s Real=0.00s
[2025-05-15T18:19:10.973+0100][45.576s] GC(7) Pause Young (Concurrent Start) (Metadata GC Threshold)
[2025-05-15T18:19:10.973+0100][45.576s] GC(7) Using 13 workers of 13 for evacuation
[2025-05-15T18:19:10.974+0100][45.577s] GC(7)   Pre Evacuate Collection Set: 0.1ms
[2025-05-15T18:19:10.974+0100][45.577s] GC(7)   Merge Heap Roots: 0.0ms
[2025-05-15T18:19:10.974+0100][45.577s] GC(7)   Evacuate Collection Set: 0.4ms
[2025-05-15T18:19:10.974+0100][45.577s] GC(7)   Post Evacuate Collection Set: 0.2ms
[2025-05-15T18:19:10.974+0100][45.577s] GC(7)   Other: 0.1ms
[2025-05-15T18:19:10.974+0100][45.577s] GC(7) Eden regions: 4->0(306)
[2025-05-15T18:19:10.974+0100][45.577s] GC(7) Survivor regions: 2->1(39)
[2025-05-15T18:19:10.974+0100][45.577s] GC(7) Old regions: 25->25
[2025-05-15T18:19:10.974+0100][45.577s] GC(7) Archive regions: 0->0
[2025-05-15T18:19:10.974+0100][45.577s] GC(7) Humongous regions: 4->4
[2025-05-15T18:19:10.974+0100][45.577s] GC(7) Metaspace: 36405K(36736K)->36405K(36736K) NonClass: 32100K(32256K)->32100K(32256K) Class: 4304K(4480K)->4304K(4480K)
[2025-05-15T18:19:10.974+0100][45.577s] GC(7) Pause Young (Concurrent Start) (Metadata GC Threshold) 34M->28M(512M) 0.940ms
[2025-05-15T18:19:10.974+0100][45.577s] GC(7) User=0.00s Sys=0.00s Real=0.00s
[2025-05-15T18:19:10.974+0100][45.577s] GC(8) Concurrent Mark Cycle
[2025-05-15T18:19:10.974+0100][45.577s] GC(8) Concurrent Clear Claimed Marks
[2025-05-15T18:19:10.974+0100][45.577s] GC(8) Concurrent Clear Claimed Marks 0.023ms
[2025-05-15T18:19:10.974+0100][45.577s] GC(8) Concurrent Scan Root Regions
[2025-05-15T18:19:10.974+0100][45.577s] GC(8) Concurrent Scan Root Regions 0.334ms
[2025-05-15T18:19:10.974+0100][45.577s] GC(8) Concurrent Mark
[2025-05-15T18:19:10.974+0100][45.577s] GC(8) Concurrent Mark From Roots
[2025-05-15T18:19:10.974+0100][45.577s] GC(8) Using 3 workers of 3 for marking
[2025-05-15T18:19:10.982+0100][45.584s] GC(8) Concurrent Mark From Roots 6.960ms
[2025-05-15T18:19:10.982+0100][45.584s] GC(8) Concurrent Preclean
[2025-05-15T18:19:10.982+0100][45.585s] GC(8) Concurrent Preclean 0.192ms
[2025-05-15T18:19:10.982+0100][45.585s] GC(8) Pause Remark
[2025-05-15T18:19:10.983+0100][45.586s] GC(8) Pause Remark 29M->29M(512M) 1.214ms
[2025-05-15T18:19:10.983+0100][45.586s] GC(8) User=0.00s Sys=0.00s Real=0.00s
[2025-05-15T18:19:10.983+0100][45.586s] GC(8) Concurrent Mark 8.496ms
[2025-05-15T18:19:10.983+0100][45.586s] GC(8) Concurrent Rebuild Remembered Sets
[2025-05-15T18:19:10.987+0100][45.589s] GC(8) Concurrent Rebuild Remembered Sets 3.357ms
[2025-05-15T18:19:10.987+0100][45.589s] GC(8) Pause Cleanup
[2025-05-15T18:19:10.988+0100][45.591s] GC(8) Pause Cleanup 30M->30M(512M) 1.730ms
[2025-05-15T18:19:10.988+0100][45.591s] GC(8) User=0.00s Sys=0.00s Real=0.00s
[2025-05-15T18:19:10.989+0100][45.591s] GC(8) Concurrent Cleanup for Next Mark
[2025-05-15T18:19:10.989+0100][45.592s] GC(8) Concurrent Cleanup for Next Mark 0.361ms
[2025-05-15T18:19:10.989+0100][45.592s] GC(8) Concurrent Mark Cycle 14.622ms
[2025-05-15T18:20:06.677+0100][101.279s] GC(9) Pause Young (Prepare Mixed) (G1 Evacuation Pause)
[2025-05-15T18:20:06.677+0100][101.279s] GC(9) Using 13 workers of 13 for evacuation
[2025-05-15T18:20:06.683+0100][101.286s] GC(9)   Pre Evacuate Collection Set: 0.1ms
[2025-05-15T18:20:06.683+0100][101.286s] GC(9)   Merge Heap Roots: 0.1ms
[2025-05-15T18:20:06.683+0100][101.286s] GC(9)   Evacuate Collection Set: 5.8ms
[2025-05-15T18:20:06.683+0100][101.286s] GC(9)   Post Evacuate Collection Set: 0.6ms
[2025-05-15T18:20:06.683+0100][101.286s] GC(9)   Other: 0.1ms
[2025-05-15T18:20:06.683+0100][101.286s] GC(9) Eden regions: 306->0(3)
[2025-05-15T18:20:06.683+0100][101.286s] GC(9) Survivor regions: 1->22(39)
[2025-05-15T18:20:06.683+0100][101.286s] GC(9) Old regions: 25->25
[2025-05-15T18:20:06.683+0100][101.286s] GC(9) Archive regions: 0->0
[2025-05-15T18:20:06.683+0100][101.286s] GC(9) Humongous regions: 4->4
[2025-05-15T18:20:06.683+0100][101.286s] GC(9) Metaspace: 60991K(61568K)->60991K(61568K) NonClass: 53523K(53824K)->53523K(53824K) Class: 7467K(7744K)->7467K(7744K)
[2025-05-15T18:20:06.683+0100][101.286s] GC(9) Pause Young (Prepare Mixed) (G1 Evacuation Pause) 334M->49M(512M) 6.791ms
[2025-05-15T18:20:06.683+0100][101.286s] GC(9) User=0.00s Sys=0.00s Real=0.01s
[2025-05-15T18:20:06.703+0100][101.305s] GC(10) Pause Young (Mixed) (G1 Evacuation Pause)
[2025-05-15T18:20:06.703+0100][101.305s] GC(10) Using 13 workers of 13 for evacuation
[2025-05-15T18:20:06.707+0100][101.310s] GC(10)   Pre Evacuate Collection Set: 0.4ms
[2025-05-15T18:20:06.707+0100][101.310s] GC(10)   Merge Heap Roots: 0.2ms
[2025-05-15T18:20:06.707+0100][101.310s] GC(10)   Evacuate Collection Set: 3.4ms
[2025-05-15T18:20:06.707+0100][101.310s] GC(10)   Post Evacuate Collection Set: 0.3ms
[2025-05-15T18:20:06.707+0100][101.310s] GC(10)   Other: 0.1ms
[2025-05-15T18:20:06.707+0100][101.310s] GC(10) Eden regions: 3->0(305)
[2025-05-15T18:20:06.707+0100][101.310s] GC(10) Survivor regions: 22->2(4)
[2025-05-15T18:20:06.707+0100][101.310s] GC(10) Old regions: 25->45
[2025-05-15T18:20:06.707+0100][101.310s] GC(10) Archive regions: 0->0
[2025-05-15T18:20:06.707+0100][101.310s] GC(10) Humongous regions: 4->4
[2025-05-15T18:20:06.707+0100][101.310s] GC(10) Metaspace: 60992K(61568K)->60992K(61568K) NonClass: 53524K(53824K)->53524K(53824K) Class: 7467K(7744K)->7467K(7744K)
[2025-05-15T18:20:06.707+0100][101.310s] GC(10) Pause Young (Mixed) (G1 Evacuation Pause) 52M->50M(512M) 4.585ms
[2025-05-15T18:20:06.707+0100][101.310s] GC(10) User=0.11s Sys=0.12s Real=0.00s
[2025-05-15T18:20:06.823+0100][101.425s] GC(11) Pause Young (Concurrent Start) (Metadata GC Threshold)
[2025-05-15T18:20:06.823+0100][101.425s] GC(11) Using 13 workers of 13 for evacuation
[2025-05-15T18:20:06.826+0100][101.428s] GC(11)   Pre Evacuate Collection Set: 0.1ms
[2025-05-15T18:20:06.826+0100][101.428s] GC(11)   Merge Heap Roots: 0.0ms
[2025-05-15T18:20:06.826+0100][101.428s] GC(11)   Evacuate Collection Set: 1.6ms
[2025-05-15T18:20:06.826+0100][101.428s] GC(11)   Post Evacuate Collection Set: 1.1ms
[2025-05-15T18:20:06.826+0100][101.428s] GC(11)   Other: 0.1ms
[2025-05-15T18:20:06.826+0100][101.429s] GC(11) Eden regions: 34->0(305)
[2025-05-15T18:20:06.826+0100][101.429s] GC(11) Survivor regions: 2->2(39)
[2025-05-15T18:20:06.826+0100][101.429s] GC(11) Old regions: 45->45
[2025-05-15T18:20:06.826+0100][101.429s] GC(11) Archive regions: 0->0
[2025-05-15T18:20:06.826+0100][101.429s] GC(11) Humongous regions: 4->4
[2025-05-15T18:20:06.826+0100][101.429s] GC(11) Metaspace: 61061K(61568K)->61061K(61568K) NonClass: 53589K(53824K)->53589K(53824K) Class: 7472K(7744K)->7472K(7744K)
[2025-05-15T18:20:06.826+0100][101.429s] GC(11) Pause Young (Concurrent Start) (Metadata GC Threshold) 83M->50M(512M) 3.127ms
[2025-05-15T18:20:06.826+0100][101.429s] GC(11) User=0.00s Sys=0.00s Real=0.00s
[2025-05-15T18:20:06.826+0100][101.429s] GC(12) Concurrent Mark Cycle
[2025-05-15T18:20:06.826+0100][101.429s] GC(12) Concurrent Clear Claimed Marks
[2025-05-15T18:20:06.826+0100][101.429s] GC(12) Concurrent Clear Claimed Marks 0.020ms
[2025-05-15T18:20:06.826+0100][101.429s] GC(12) Concurrent Scan Root Regions
[2025-05-15T18:20:06.826+0100][101.429s] GC(12) Concurrent Scan Root Regions 0.403ms
[2025-05-15T18:20:06.826+0100][101.429s] GC(12) Concurrent Mark
[2025-05-15T18:20:06.826+0100][101.429s] GC(12) Concurrent Mark From Roots
[2025-05-15T18:20:06.826+0100][101.429s] GC(12) Using 3 workers of 3 for marking
[2025-05-15T18:20:06.842+0100][101.445s] GC(12) Concurrent Mark From Roots 16.190ms
[2025-05-15T18:20:06.842+0100][101.445s] GC(12) Concurrent Preclean
[2025-05-15T18:20:06.842+0100][101.446s] GC(12) Concurrent Preclean 0.307ms
[2025-05-15T18:20:06.843+0100][101.446s] GC(12) Pause Remark
[2025-05-15T18:20:06.852+0100][101.455s] GC(12) Pause Remark 50M->50M(512M) 9.173ms
[2025-05-15T18:20:06.852+0100][101.455s] GC(12) User=0.05s Sys=0.02s Real=0.01s
[2025-05-15T18:20:06.852+0100][101.455s] GC(12) Concurrent Mark 25.899ms
[2025-05-15T18:20:06.852+0100][101.455s] GC(12) Concurrent Rebuild Remembered Sets
[2025-05-15T18:20:06.861+0100][101.464s] GC(12) Concurrent Rebuild Remembered Sets 9.138ms
[2025-05-15T18:20:06.861+0100][101.464s] GC(12) Pause Cleanup
[2025-05-15T18:20:06.861+0100][101.465s] GC(12) Pause Cleanup 51M->51M(512M) 0.367ms
[2025-05-15T18:20:06.861+0100][101.465s] GC(12) User=0.00s Sys=0.00s Real=0.00s
[2025-05-15T18:20:06.861+0100][101.465s] GC(12) Concurrent Cleanup for Next Mark
[2025-05-15T18:20:06.862+0100][101.465s] GC(12) Concurrent Cleanup for Next Mark 0.292ms
[2025-05-15T18:20:06.862+0100][101.465s] GC(12) Concurrent Mark Cycle 36.375ms
[2025-05-15T18:21:55.835+0100][210.437s] Heap
[2025-05-15T18:21:55.835+0100][210.437s]  garbage-first heap   total 524288K, used 97381K [0x00000000e0000000, 0x0000000100000000)
[2025-05-15T18:21:55.835+0100][210.437s]   region size 1024K, 47 young (48128K), 2 survivors (2048K)
[2025-05-15T18:21:55.835+0100][210.437s]  Metaspace       used 62531K, committed 63040K, reserved 1114112K
[2025-05-15T18:21:55.835+0100][210.437s]   class space    used 7688K, committed 7936K, reserved 1048576K
