[2025-05-02T23:00:41.238+0100][0.010s] Using G1
[2025-05-02T23:00:41.282+0100][0.054s] Version: 17.0.15+6 (release)
[2025-05-02T23:00:41.282+0100][0.054s] CPUs: 16 total, 16 available
[2025-05-02T23:00:41.282+0100][0.054s] Memory: 16118M
[2025-05-02T23:00:41.282+0100][0.054s] Large Page Support: Disabled
[2025-05-02T23:00:41.282+0100][0.054s] NUMA Support: Disabled
[2025-05-02T23:00:41.282+0100][0.054s] Compressed Oops: Enabled (32-bit)
[2025-05-02T23:00:41.282+0100][0.054s] Heap Region Size: 1M
[2025-05-02T23:00:41.282+0100][0.054s] Heap Min Capacity: 512M
[2025-05-02T23:00:41.282+0100][0.054s] Heap Initial Capacity: 512M
[2025-05-02T23:00:41.282+0100][0.054s] Heap Max Capacity: 512M
[2025-05-02T23:00:41.284+0100][0.056s] Pre-touch: Enabled
[2025-05-02T23:00:41.284+0100][0.056s] Parallel Workers: 13
[2025-05-02T23:00:41.284+0100][0.056s] Concurrent Workers: 3
[2025-05-02T23:00:41.284+0100][0.056s] Concurrent Refinement Workers: 13
[2025-05-02T23:00:41.284+0100][0.056s] Periodic GC: Disabled
[2025-05-02T23:00:41.287+0100][0.059s] CDS archive(s) mapped at: [0x000001f480000000-0x000001f480bb0000-0x000001f480bb0000), size 12255232, SharedBaseAddress: 0x000001f480000000, ArchiveRelocationMode: 1.
[2025-05-02T23:00:41.287+0100][0.059s] Compressed class space mapped at: 0x000001f481000000-0x000001f4c1000000, reserved size: 1073741824
[2025-05-02T23:00:41.287+0100][0.059s] Narrow klass base: 0x000001f480000000, Narrow klass shift: 0, Narrow klass range: 0x100000000
[2025-05-02T23:00:41.934+0100][0.706s] GC(0) Pause Young (Normal) (G1 Evacuation Pause)
[2025-05-02T23:00:41.940+0100][0.712s] GC(0) Using 12 workers of 13 for evacuation
[2025-05-02T23:00:41.943+0100][0.714s] GC(0)   Pre Evacuate Collection Set: 0.1ms
[2025-05-02T23:00:41.943+0100][0.714s] GC(0)   Merge Heap Roots: 0.0ms
[2025-05-02T23:00:41.943+0100][0.714s] GC(0)   Evacuate Collection Set: 1.3ms
[2025-05-02T23:00:41.943+0100][0.714s] GC(0)   Post Evacuate Collection Set: 0.2ms
[2025-05-02T23:00:41.943+0100][0.714s] GC(0)   Other: 6.4ms
[2025-05-02T23:00:41.943+0100][0.714s] GC(0) Eden regions: 29->0(43)
[2025-05-02T23:00:41.943+0100][0.714s] GC(0) Survivor regions: 0->4(4)
[2025-05-02T23:00:41.943+0100][0.714s] GC(0) Old regions: 0->0
[2025-05-02T23:00:41.943+0100][0.714s] GC(0) Archive regions: 0->0
[2025-05-02T23:00:41.943+0100][0.714s] GC(0) Humongous regions: 0->0
[2025-05-02T23:00:41.943+0100][0.714s] GC(0) Metaspace: 6398K(6592K)->6398K(6592K) NonClass: 5657K(5760K)->5657K(5760K) Class: 741K(832K)->741K(832K)
[2025-05-02T23:00:41.943+0100][0.714s] GC(0) Pause Young (Normal) (G1 Evacuation Pause) 29M->3M(512M) 8.164ms
[2025-05-02T23:00:41.943+0100][0.714s] GC(0) User=0.00s Sys=0.00s Real=0.01s
[2025-05-02T23:00:47.485+0100][6.256s] GC(1) Pause Young (Normal) (G1 Evacuation Pause)
[2025-05-02T23:00:47.485+0100][6.257s] GC(1) Using 13 workers of 13 for evacuation
[2025-05-02T23:00:47.489+0100][6.261s] GC(1)   Pre Evacuate Collection Set: 0.0ms
[2025-05-02T23:00:47.489+0100][6.261s] GC(1)   Merge Heap Roots: 0.0ms
[2025-05-02T23:00:47.489+0100][6.261s] GC(1)   Evacuate Collection Set: 3.7ms
[2025-05-02T23:00:47.489+0100][6.261s] GC(1)   Post Evacuate Collection Set: 0.2ms
[2025-05-02T23:00:47.489+0100][6.261s] GC(1)   Other: 0.3ms
[2025-05-02T23:00:47.489+0100][6.261s] GC(1) Eden regions: 43->0(141)
[2025-05-02T23:00:47.489+0100][6.261s] GC(1) Survivor regions: 4->6(6)
[2025-05-02T23:00:47.489+0100][6.261s] GC(1) Old regions: 0->8
[2025-05-02T23:00:47.489+0100][6.261s] GC(1) Archive regions: 0->0
[2025-05-02T23:00:47.490+0100][6.261s] GC(1) Humongous regions: 4->4
[2025-05-02T23:00:47.490+0100][6.261s] GC(1) Metaspace: 17799K(18112K)->17799K(18112K) NonClass: 15721K(15872K)->15721K(15872K) Class: 2078K(2240K)->2078K(2240K)
[2025-05-02T23:00:47.490+0100][6.261s] GC(1) Pause Young (Normal) (G1 Evacuation Pause) 50M->17M(512M) 4.456ms
[2025-05-02T23:00:47.490+0100][6.261s] GC(1) User=0.00s Sys=0.00s Real=0.01s
[2025-05-02T23:01:06.930+0100][25.702s] GC(2) Pause Young (Concurrent Start) (Metadata GC Threshold)
[2025-05-02T23:01:06.930+0100][25.702s] GC(2) Using 13 workers of 13 for evacuation
[2025-05-02T23:01:06.932+0100][25.704s] GC(2)   Pre Evacuate Collection Set: 0.1ms
[2025-05-02T23:01:06.932+0100][25.704s] GC(2)   Merge Heap Roots: 0.1ms
[2025-05-02T23:01:06.932+0100][25.704s] GC(2)   Evacuate Collection Set: 1.7ms
[2025-05-02T23:01:06.932+0100][25.704s] GC(2)   Post Evacuate Collection Set: 0.2ms
[2025-05-02T23:01:06.932+0100][25.704s] GC(2)   Other: 0.3ms
[2025-05-02T23:01:06.932+0100][25.704s] GC(2) Eden regions: 141->0(263)
[2025-05-02T23:01:06.932+0100][25.704s] GC(2) Survivor regions: 6->13(19)
[2025-05-02T23:01:06.932+0100][25.704s] GC(2) Old regions: 8->8
[2025-05-02T23:01:06.932+0100][25.704s] GC(2) Archive regions: 0->0
[2025-05-02T23:01:06.932+0100][25.704s] GC(2) Humongous regions: 4->4
[2025-05-02T23:01:06.932+0100][25.704s] GC(2) Metaspace: 21121K(21504K)->21121K(21504K) NonClass: 18659K(18816K)->18659K(18816K) Class: 2462K(2688K)->2462K(2688K)
[2025-05-02T23:01:06.932+0100][25.704s] GC(2) Pause Young (Concurrent Start) (Metadata GC Threshold) 158M->23M(512M) 2.473ms
[2025-05-02T23:01:06.932+0100][25.704s] GC(2) User=0.00s Sys=0.00s Real=0.00s
[2025-05-02T23:01:06.932+0100][25.704s] GC(3) Concurrent Mark Cycle
[2025-05-02T23:01:06.932+0100][25.704s] GC(3) Concurrent Clear Claimed Marks
[2025-05-02T23:01:06.932+0100][25.704s] GC(3) Concurrent Clear Claimed Marks 0.019ms
[2025-05-02T23:01:06.932+0100][25.704s] GC(3) Concurrent Scan Root Regions
[2025-05-02T23:01:06.934+0100][25.706s] GC(3) Concurrent Scan Root Regions 1.516ms
[2025-05-02T23:01:06.934+0100][25.706s] GC(3) Concurrent Mark
[2025-05-02T23:01:06.934+0100][25.706s] GC(3) Concurrent Mark From Roots
[2025-05-02T23:01:06.934+0100][25.706s] GC(3) Using 3 workers of 3 for marking
[2025-05-02T23:01:06.938+0100][25.710s] GC(3) Concurrent Mark From Roots 3.808ms
[2025-05-02T23:01:06.938+0100][25.710s] GC(3) Concurrent Preclean
[2025-05-02T23:01:06.938+0100][25.710s] GC(3) Concurrent Preclean 0.132ms
[2025-05-02T23:01:06.938+0100][25.710s] GC(3) Pause Remark
[2025-05-02T23:01:06.939+0100][25.711s] GC(3) Pause Remark 24M->24M(512M) 1.375ms
[2025-05-02T23:01:06.939+0100][25.711s] GC(3) User=0.00s Sys=0.00s Real=0.00s
[2025-05-02T23:01:06.939+0100][25.711s] GC(3) Concurrent Mark 5.451ms
[2025-05-02T23:01:06.939+0100][25.711s] GC(3) Concurrent Rebuild Remembered Sets
[2025-05-02T23:01:06.942+0100][25.714s] GC(3) Concurrent Rebuild Remembered Sets 2.452ms
[2025-05-02T23:01:06.942+0100][25.714s] GC(3) Pause Cleanup
[2025-05-02T23:01:06.942+0100][25.714s] GC(3) Pause Cleanup 24M->24M(512M) 0.059ms
[2025-05-02T23:01:06.943+0100][25.714s] GC(3) User=0.00s Sys=0.00s Real=0.00s
[2025-05-02T23:01:06.943+0100][25.714s] GC(3) Concurrent Cleanup for Next Mark
[2025-05-02T23:01:06.943+0100][25.714s] GC(3) Concurrent Cleanup for Next Mark 0.275ms
[2025-05-02T23:01:06.943+0100][25.714s] GC(3) Concurrent Mark Cycle 9.997ms
[2025-05-02T23:01:26.635+0100][45.407s] GC(4) Pause Young (Concurrent Start) (Metadata GC Threshold)
[2025-05-02T23:01:26.635+0100][45.407s] GC(4) Using 13 workers of 13 for evacuation
[2025-05-02T23:01:26.642+0100][45.414s] GC(4)   Pre Evacuate Collection Set: 3.4ms
[2025-05-02T23:01:26.642+0100][45.414s] GC(4)   Merge Heap Roots: 0.4ms
[2025-05-02T23:01:26.642+0100][45.414s] GC(4)   Evacuate Collection Set: 3.2ms
[2025-05-02T23:01:26.642+0100][45.414s] GC(4)   Post Evacuate Collection Set: 0.3ms
[2025-05-02T23:01:26.642+0100][45.414s] GC(4)   Other: 0.1ms
[2025-05-02T23:01:26.642+0100][45.414s] GC(4) Eden regions: 109->0(290)
[2025-05-02T23:01:26.642+0100][45.414s] GC(4) Survivor regions: 13->17(36)
[2025-05-02T23:01:26.642+0100][45.414s] GC(4) Old regions: 8->8
[2025-05-02T23:01:26.642+0100][45.414s] GC(4) Archive regions: 0->0
[2025-05-02T23:01:26.642+0100][45.414s] GC(4) Humongous regions: 4->4
[2025-05-02T23:01:26.642+0100][45.414s] GC(4) Metaspace: 35631K(35968K)->35631K(35968K) NonClass: 31405K(31552K)->31405K(31552K) Class: 4225K(4416K)->4225K(4416K)
[2025-05-02T23:01:26.642+0100][45.414s] GC(4) Pause Young (Concurrent Start) (Metadata GC Threshold) 132M->28M(512M) 7.624ms
[2025-05-02T23:01:26.643+0100][45.414s] GC(4) User=0.00s Sys=0.00s Real=0.01s
[2025-05-02T23:01:26.643+0100][45.415s] GC(5) Concurrent Mark Cycle
[2025-05-02T23:01:26.643+0100][45.415s] GC(5) Concurrent Clear Claimed Marks
[2025-05-02T23:01:26.643+0100][45.415s] GC(5) Concurrent Clear Claimed Marks 0.019ms
[2025-05-02T23:01:26.643+0100][45.415s] GC(5) Concurrent Scan Root Regions
[2025-05-02T23:01:26.645+0100][45.417s] GC(5) Concurrent Scan Root Regions 2.032ms
[2025-05-02T23:01:26.645+0100][45.417s] GC(5) Concurrent Mark
[2025-05-02T23:01:26.645+0100][45.417s] GC(5) Concurrent Mark From Roots
[2025-05-02T23:01:26.645+0100][45.417s] GC(5) Using 3 workers of 3 for marking
[2025-05-02T23:01:26.650+0100][45.421s] GC(5) Concurrent Mark From Roots 3.977ms
[2025-05-02T23:01:26.650+0100][45.421s] GC(5) Concurrent Preclean
[2025-05-02T23:01:26.650+0100][45.421s] GC(5) Concurrent Preclean 0.104ms
[2025-05-02T23:01:26.650+0100][45.421s] GC(5) Pause Remark
[2025-05-02T23:01:26.650+0100][45.422s] GC(5) Pause Remark 29M->29M(512M) 1.280ms
[2025-05-02T23:01:26.650+0100][45.422s] GC(5) User=0.00s Sys=0.00s Real=0.00s
[2025-05-02T23:01:26.650+0100][45.422s] GC(5) Concurrent Mark 5.587ms
[2025-05-02T23:01:26.650+0100][45.422s] GC(5) Concurrent Rebuild Remembered Sets
[2025-05-02T23:01:26.653+0100][45.424s] GC(5) Concurrent Rebuild Remembered Sets 1.937ms
[2025-05-02T23:01:26.653+0100][45.424s] GC(5) Pause Cleanup
[2025-05-02T23:01:26.653+0100][45.424s] GC(5) Pause Cleanup 29M->29M(512M) 0.234ms
[2025-05-02T23:01:26.653+0100][45.424s] GC(5) User=0.00s Sys=0.00s Real=0.00s
[2025-05-02T23:01:26.653+0100][45.425s] GC(5) Concurrent Cleanup for Next Mark
[2025-05-02T23:01:26.653+0100][45.425s] GC(5) Concurrent Cleanup for Next Mark 0.300ms
[2025-05-02T23:01:26.653+0100][45.425s] GC(5) Concurrent Mark Cycle 10.341ms
